Component: Arm Compiler for Embedded 6.19 Tool: armlink [5e73cb00]

==============================================================================

Section Cross References

    startup_stm32f103xb.o(STACK) refers (Special) to heapauxi.o(.text) for __use_two_region_memory
    startup_stm32f103xb.o(HEAP) refers (Special) to heapauxi.o(.text) for __use_two_region_memory
    startup_stm32f103xb.o(RESET) refers (Special) to heapauxi.o(.text) for __use_two_region_memory
    startup_stm32f103xb.o(RESET) refers to startup_stm32f103xb.o(STACK) for __initial_sp
    startup_stm32f103xb.o(RESET) refers to startup_stm32f103xb.o(.text) for Reset_Handler
    startup_stm32f103xb.o(RESET) refers to stm32f1xx_it.o(.text.NMI_Handler) for NMI_Handler
    startup_stm32f103xb.o(RESET) refers to stm32f1xx_it.o(.text.HardFault_Handler) for HardFault_Handler
    startup_stm32f103xb.o(RESET) refers to stm32f1xx_it.o(.text.MemManage_Handler) for MemManage_Handler
    startup_stm32f103xb.o(RESET) refers to stm32f1xx_it.o(.text.BusFault_Handler) for BusFault_Handler
    startup_stm32f103xb.o(RESET) refers to stm32f1xx_it.o(.text.UsageFault_Handler) for UsageFault_Handler
    startup_stm32f103xb.o(RESET) refers to stm32f1xx_it.o(.text.SVC_Handler) for SVC_Handler
    startup_stm32f103xb.o(RESET) refers to stm32f1xx_it.o(.text.DebugMon_Handler) for DebugMon_Handler
    startup_stm32f103xb.o(RESET) refers to stm32f1xx_it.o(.text.PendSV_Handler) for PendSV_Handler
    startup_stm32f103xb.o(RESET) refers to stm32f1xx_it.o(.text.SysTick_Handler) for SysTick_Handler
    startup_stm32f103xb.o(RESET) refers to main.o(.text.EXTI3_IRQHandler) for EXTI3_IRQHandler
    startup_stm32f103xb.o(RESET) refers to main.o(.text.EXTI4_IRQHandler) for EXTI4_IRQHandler
    startup_stm32f103xb.o(RESET) refers to main.o(.text.TIM2_IRQHandler) for TIM2_IRQHandler
    startup_stm32f103xb.o(RESET) refers to main.o(.text.TIM4_IRQHandler) for TIM4_IRQHandler
    startup_stm32f103xb.o(RESET) refers to main.o(.text.USART1_IRQHandler) for USART1_IRQHandler
    startup_stm32f103xb.o(.text) refers (Special) to heapauxi.o(.text) for __use_two_region_memory
    startup_stm32f103xb.o(.text) refers to system_stm32f1xx.o(.text.SystemInit) for SystemInit
    startup_stm32f103xb.o(.text) refers to __main.o(!!!main) for __main
    startup_stm32f103xb.o(.text) refers to startup_stm32f103xb.o(HEAP) for Heap_Mem
    startup_stm32f103xb.o(.text) refers to startup_stm32f103xb.o(STACK) for Stack_Mem
    main.o(.text) refers (Special) to _printf_percent.o(.ARM.Collect$$_printf_percent$$00000000) for _printf_percent
    main.o(.text) refers (Special) to _printf_f.o(.ARM.Collect$$_printf_percent$$00000003) for _printf_f
    main.o(.text) refers (Special) to printf1.o(x$fpl$printf1) for _printf_fp_dec
    main.o(.text.PID) refers (Special) to _printf_percent.o(.ARM.Collect$$_printf_percent$$00000000) for _printf_percent
    main.o(.text.PID) refers (Special) to _printf_f.o(.ARM.Collect$$_printf_percent$$00000003) for _printf_f
    main.o(.text.PID) refers (Special) to printf1.o(x$fpl$printf1) for _printf_fp_dec
    main.o(.text.PID) refers to main.o(.bss..L_MergedGlobals.1) for .L_MergedGlobals.1
    main.o(.text.PID) refers to daddsub_clz.o(x$fpl$dsub) for __aeabi_dsub
    main.o(.text.PID) refers to dmul.o(x$fpl$dmul) for __aeabi_dmul
    main.o(.text.PID) refers to main.o(.data..L_MergedGlobals) for .L_MergedGlobals
    main.o(.text.PID) refers to f2d.o(x$fpl$f2d) for __aeabi_f2d
    main.o(.text.PID) refers to daddsub_clz.o(x$fpl$dadd) for __aeabi_dadd
    main.o(.text.PID) refers to faddsub_clz.o(x$fpl$fsub) for __aeabi_fsub
    main.o(.text.PID) refers to dcmp.o(x$fpl$fcmp) for __aeabi_dcmplt
    main.o(.text.PID) refers to dfixu.o(x$fpl$dfixu) for __aeabi_d2uiz
    main.o(.ARM.exidx.text.PID) refers (Special) to _printf_percent.o(.ARM.Collect$$_printf_percent$$00000000) for _printf_percent
    main.o(.ARM.exidx.text.PID) refers (Special) to _printf_f.o(.ARM.Collect$$_printf_percent$$00000003) for _printf_f
    main.o(.ARM.exidx.text.PID) refers (Special) to printf1.o(x$fpl$printf1) for _printf_fp_dec
    main.o(.ARM.exidx.text.PID) refers to main.o(.text.PID) for [Anonymous Symbol]
    main.o(.text.dir) refers (Special) to _printf_percent.o(.ARM.Collect$$_printf_percent$$00000000) for _printf_percent
    main.o(.text.dir) refers (Special) to _printf_f.o(.ARM.Collect$$_printf_percent$$00000003) for _printf_f
    main.o(.text.dir) refers (Special) to printf1.o(x$fpl$printf1) for _printf_fp_dec
    main.o(.text.dir) refers to dcmp.o(x$fpl$fcmp) for __aeabi_dcmple
    main.o(.ARM.exidx.text.dir) refers (Special) to _printf_percent.o(.ARM.Collect$$_printf_percent$$00000000) for _printf_percent
    main.o(.ARM.exidx.text.dir) refers (Special) to _printf_f.o(.ARM.Collect$$_printf_percent$$00000003) for _printf_f
    main.o(.ARM.exidx.text.dir) refers (Special) to printf1.o(x$fpl$printf1) for _printf_fp_dec
[...]
    ../clib/signal.c                         0x00000000   Number         0  defsig_cppl_inner.o ABSOLUTE
    ../clib/signal.c                         0x00000000   Number         0  defsig_segv_inner.o ABSOLUTE
    ../clib/signal.c                         0x00000000   Number         0  defsig_other.o ABSOLUTE
    ../clib/signal.s                         0x00000000   Number         0  defsig.o ABSOLUTE
    ../clib/stdlib.c                         0x00000000   Number         0  exit.o ABSOLUTE
    ../clib/string.c                         0x00000000   Number         0  strlen.o ABSOLUTE
    ../fplib/d2f.s                           0x00000000   Number         0  d2f.o ABSOLUTE
    ../fplib/daddsub.s                       0x00000000   Number         0  daddsub_clz.o ABSOLUTE
    ../fplib/dcheck1.s                       0x00000000   Number         0  dcheck1.o ABSOLUTE
    ../fplib/dcmp.s                          0x00000000   Number         0  dcmp.o ABSOLUTE
    ../fplib/dcmpi.s                         0x00000000   Number         0  dcmpi.o ABSOLUTE
    ../fplib/ddiv.s                          0x00000000   Number         0  ddiv.o ABSOLUTE
    ../fplib/deqf.s                          0x00000000   Number         0  deqf.o ABSOLUTE
    ../fplib/dfixu.s                         0x00000000   Number         0  dfixu.o ABSOLUTE
    ../fplib/dflt.s                          0x00000000   Number         0  dflt_clz.o ABSOLUTE
    ../fplib/dgeqf.s                         0x00000000   Number         0  dgeqf.o ABSOLUTE
    ../fplib/dleqf.s                         0x00000000   Number         0  dleqf.o ABSOLUTE
    ../fplib/dmul.s                          0x00000000   Number         0  dmul.o ABSOLUTE
    ../fplib/dnaninf.s                       0x00000000   Number         0  dnaninf.o ABSOLUTE
    ../fplib/dretinf.s                       0x00000000   Number         0  dretinf.o ABSOLUTE
    ../fplib/drleqf.s                        0x00000000   Number         0  drleqf.o ABSOLUTE
    ../fplib/f2d.s                           0x00000000   Number         0  f2d.o ABSOLUTE
    ../fplib/faddsub.s                       0x00000000   Number         0  faddsub_clz.o ABSOLUTE
    ../fplib/fmul.s                          0x00000000   Number         0  fmul.o ABSOLUTE
    ../fplib/fnaninf.s                       0x00000000   Number         0  fnaninf.o ABSOLUTE
    ../fplib/fpconst.s                       0x00000000   Number         0  fpconst.o ABSOLUTE
    ../fplib/fpinit.s                        0x00000000   Number         0  fpinit.o ABSOLUTE
    ../fplib/fpinit_empty.s                  0x00000000   Number         0  fpinit_empty.o ABSOLUTE
    ../fplib/fretinf.s                       0x00000000   Number         0  fretinf.o ABSOLUTE
    ../fplib/istatus.s                       0x00000000   Number         0  istatus.o ABSOLUTE
    ../fplib/printf1.s                       0x00000000   Number         0  printf1.o ABSOLUTE
    ../fplib/retnan.s                        0x00000000   Number         0  retnan.o ABSOLUTE
    ../fplib/scalbn.s                        0x00000000   Number         0  scalbn.o ABSOLUTE
    ../fplib/scanf1.s                        0x00000000   Number         0  scanf1.o ABSOLUTE
    ../fplib/scanf2.s                        0x00000000   Number         0  scanf2.o ABSOLUTE
    ../fplib/scanf2a.s                       0x00000000   Number         0  scanf2a.o ABSOLUTE
    ../fplib/scanf2b.s                       0x00000000   Number         0  scanf2b.o ABSOLUTE
    ../fplib/trapv.s                         0x00000000   Number         0  trapv.o ABSOLUTE
    ../fplib/usenofp.s                       0x00000000   Number         0  usenofp.o ABSOLUTE
    ../mathlib/atof.c                        0x00000000   Number         0  atof.o ABSOLUTE
    ../mathlib/dunder.c                      0x00000000   Number         0  dunder.o ABSOLUTE
    ../mathlib/fpclassify.c                  0x00000000   Number         0  fpclassify.o ABSOLUTE
    ../mathlib/frexp.c                       0x00000000   Number         0  frexp.o ABSOLUTE
    ../mathlib/ldexp.c                       0x00000000   Number         0  ldexp.o ABSOLUTE
    ../mathlib/narrow.c                      0x00000000   Number         0  narrow.o ABSOLUTE
    dc.s                                     0x00000000   Number         0  dc.o ABSOLUTE
    main.c                                   0x00000000   Number         0  main.o ABSOLUTE
    startup_stm32f103xb.s                    0x00000000   Number         0  startup_stm32f103xb.o ABSOLUTE
    stm32f1xx_hal.c                          0x00000000   Number         0  stm32f1xx_hal.o ABSOLUTE
    stm32f1xx_hal_cortex.c                   0x00000000   Number         0  stm32f1xx_hal_cortex.o ABSOLUTE
    stm32f1xx_hal_dma.c                      0x00000000   Number         0  stm32f1xx_hal_dma.o ABSOLUTE
    stm32f1xx_hal_exti.c                     0x00000000   Number         0  stm32f1xx_hal_exti.o ABSOLUTE
    stm32f1xx_hal_flash.c                    0x00000000   Number         0  stm32f1xx_hal_flash.o ABSOLUTE
    stm32f1xx_hal_flash_ex.c                 0x00000000   Number         0  stm32f1xx_hal_flash_ex.o ABSOLUTE
    stm32f1xx_hal_gpio.c                     0x00000000   Number         0  stm32f1xx_hal_gpio.o ABSOLUTE
    stm32f1xx_hal_gpio_ex.c                  0x00000000   Number         0  stm32f1xx_hal_gpio_ex.o ABSOLUTE
    stm32f1xx_hal_msp.c                      0x00000000   Number         0  stm32f1xx_hal_msp.o ABSOLUTE
    stm32f1xx_hal_pwr.c                      0x00000000   Number         0  stm32f1xx_hal_pwr.o ABSOLUTE
    stm32f1xx_hal_rcc.c                      0x00000000   Number         0  stm32f1xx_hal_rcc.o ABSOLUTE
    stm32f1xx_hal_rcc_ex.c                   0x00000000   Number         0  stm32f1xx_hal_rcc_ex.o ABSOLUTE
    stm32f1xx_hal_tim.c                      0x00000000   Number         0  stm32f1xx_hal_tim.o ABSOLUTE
    stm32f1xx_hal_tim_ex.c                   0x00000000   Number         0  stm32f1xx_hal_tim_ex.o ABSOLUTE
    stm32f1xx_it.c                           0x00000000   Number         0  stm32f1xx_it.o ABSOLUTE
    system_stm32f1xx.c                       0x00000000   Number         0  system_stm32f1xx.o ABSOLUTE
    RESET                                    0x08000000   Section      236  startup_stm32f103xb.o(RESET)
    !!!main                                  0x080000ec   Section        8  __main.o(!!!main)
    !!!scatter                               0x080000f4   Section       52  __scatter.o(!!!scatter)
    !!handler_copy                           0x08000128   Section       26  __scatter_copy.o(!!handler_copy)
    !!handler_zi                             0x08000144   Section       28  __scatter_zi.o(!!handler_zi)
    .ARM.Collect$$_printf_percent$$00000000  0x08000160   Section        0  _printf_percent.o(.ARM.Collect$$_printf_percent$$00000000)
    .ARM.Collect$$_printf_percent$$00000003  0x08000160   Section        6  _printf_f.o(.ARM.Collect$$_printf_percent$$00000003)
    .ARM.Collect$$_printf_percent$$00000017  0x08000166   Section        4  _printf_percent_end.o(.ARM.Collect$$_printf_percent$$00000017)
    .ARM.Collect$$libinit$$00000000          0x0800016a   Section        2  libinit.o(.ARM.Collect$$libinit$$00000000)
    .ARM.Collect$$libinit$$00000002          0x0800016c   Section        0  libinit2.o(.ARM.Collect$$libinit$$00000002)
    .ARM.Collect$$libinit$$00000004          0x0800016c   Section        0  libinit2.o(.ARM.Collect$$libinit$$00000004)
    .ARM.Collect$$libinit$$00000006          0x0800016c   Section        0  libinit2.o(.ARM.Collect$$libinit$$00000006)
    .ARM.Collect$$libinit$$0000000C          0x0800016c   Section        0  libinit2.o(.ARM.Collect$$libinit$$0000000C)
    .ARM.Collect$$libinit$$0000000E          0x0800016c   Section        0  libinit2.o(.ARM.Collect$$libinit$$0000000E)
    .ARM.Collect$$libinit$$00000010          0x0800016c   Section        0  libinit2.o(.ARM.Collect$$libinit$$00000010)
    .ARM.Collect$$libinit$$00000011          0x0800016c   Section        6  libinit2.o(.ARM.Collect$$libinit$$00000011)
    .ARM.Collect$$libinit$$00000013          0x08000172   Section        0  libinit2.o(.ARM.Collect$$libinit$$00000013)
    .ARM.Collect$$libinit$$00000014          0x08000172   Section       12  libinit2.o(.ARM.Collect$$libinit$$00000014)
    .ARM.Collect$$libinit$$00000015          0x0800017e   Section        0  libinit2.o(.ARM.Collect$$libinit$$00000015)
    .ARM.Collect$$libinit$$00000017          0x0800017e   Section        0  libinit2.o(.ARM.Collect$$libinit$$00000017)
    .ARM.Collect$$libinit$$00000018          0x0800017e   Section       10  libinit2.o(.ARM.Collect$$libinit$$00000018)
    .ARM.Collect$$libinit$$00000019          0x08000188   Section        0  libinit2.o(.ARM.Collect$$libinit$$00000019)
    .ARM.Collect$$libinit$$0000001B          0x08000188   Section        0  libinit2.o(.ARM.Collect$$libinit$$0000001B)
    .ARM.Collect$$libinit$$0000001D          0x08000188   Section        0  libinit2.o(.ARM.Collect$$libinit$$0000001D)
    .ARM.Collect$$libinit$$0000001F          0x08000188   Section        0  libinit2.o(.ARM.Collect$$libinit$$0000001F)
    .ARM.Collect$$libinit$$00000021          0x08000188   Section        0  libinit2.o(.ARM.Collect$$libinit$$00000021)
    .ARM.Collect$$libinit$$00000023          0x08000188   Section        0  libinit2.o(.ARM.Collect$$libinit$$00000023)
    .ARM.Collect$$libinit$$00000025          0x08000188   Section        0  libinit2.o(.ARM.Collect$$libinit$$00000025)
    .ARM.Collect$$libinit$$00000027          0x08000188   Section        0  libinit2.o(.ARM.Collect$$libinit$$00000027)
    .ARM.Collect$$libinit$$0000002E          0x08000188   Section        0  libinit2.o(.ARM.Collect$$libinit$$0000002E)
    .ARM.Collect$$libinit$$00000030          0x08000188   Section        0  libinit2.o(.ARM.Collect$$libinit$$00000030)
    .ARM.Collect$$libinit$$00000032          0x08000188   Section        0  libinit2.o(.ARM.Collect$$libinit$$00000032)
    .ARM.Collect$$libinit$$00000034          0x08000188   Section        0  libinit2.o(.ARM.Collect$$libinit$$00000034)
    .ARM.Collect$$libinit$$00000035          0x08000188   Section        2  libinit2.o(.ARM.Collect$$libinit$$00000035)
    .ARM.Collect$$libshutdown$$00000000      0x0800018a   Section        2  libshutdown.o(.ARM.Collect$$libshutdown$$00000000)
    .ARM.Collect$$libshutdown$$00000002      0x0800018c   Section        0  libshutdown2.o(.ARM.Collect$$libshutdown$$00000002)
    .ARM.Collect$$libshutdown$$00000004      0x0800018c   Section        0  libshutdown2.o(.ARM.Collect$$libshutdown$$00000004)
    .ARM.Collect$$libshutdown$$00000007      0x0800018c   Section        0  libshutdown2.o(.ARM.Collect$$libshutdown$$00000007)
    .ARM.Collect$$libshutdown$$0000000A      0x0800018c   Section        0  libshutdown2.o(.ARM.Collect$$libshutdown$$0000000A)
    .ARM.Collect$$libshutdown$$0000000C      0x0800018c   Section        0  libshutdown2.o(.ARM.Collect$$libshutdown$$0000000C)
    .ARM.Collect$$libshutdown$$0000000F      0x0800018c   Section        0  libshutdown2.o(.ARM.Collect$$libshutdown$$0000000F)
    .ARM.Collect$$libshutdown$$00000010      0x0800018c   Section        2  libshutdown2.o(.ARM.Collect$$libshutdown$$00000010)
    .ARM.Collect$$rtentry$$00000000          0x0800018e   Section        0  __rtentry.o(.ARM.Collect$$rtentry$$00000000)
    .ARM.Collect$$rtentry$$00000002          0x0800018e   Section        0  __rtentry2.o(.ARM.Collect$$rtentry$$00000002)
    .ARM.Collect$$rtentry$$00000004          0x0800018e   Section        6  __rtentry4.o(.ARM.Collect$$rtentry$$00000004)
    .ARM.Collect$$rtentry$$00000009          0x08000194   Section        0  __rtentry2.o(.ARM.Collect$$rtentry$$00000009)
    .ARM.Collect$$rtentry$$0000000A          0x08000194   Section        4  __rtentry2.o(.ARM.Collect$$rtentry$$0000000A)
    .ARM.Collect$$rtentry$$0000000C          0x08000198   Section        0  __rtentry2.o(.ARM.Collect$$rtentry$$0000000C)
    .ARM.Collect$$rtentry$$0000000D          0x08000198   Section        8  __rtentry2.o(.ARM.Collect$$rtentry$$0000000D)
    .ARM.Collect$$rtexit$$00000000           0x080001a0   Section        2  rtexit.o(.ARM.Collect$$rtexit$$00000000)
    .ARM.Collect$$rtexit$$00000002           0x080001a2   Section        0  rtexit2.o(.ARM.Collect$$rtexit$$00000002)
    .ARM.Collect$$rtexit$$00000003           0x080001a2   Section        4  rtexit2.o(.ARM.Collect$$rtexit$$00000003)
    .ARM.Collect$$rtexit$$00000004           0x080001a6   Section        6  rtexit2.o(.ARM.Collect$$rtexit$$00000004)
    .text                                    0x080001ac   Section       64  startup_stm32f103xb.o(.text)
    .text                                    0x080001ec   Section        0  noretval__2sprintf.o(.text)
    .text                                    0x08000214   Section        0  __printf.o(.text)
    .text                                    0x0800027c   Section      100  rt_memcpy_w.o(.text)
    .text                                    0x080002e0   Section       78  rt_memclr_w.o(.text)
    .text                                    0x0800032e   Section        0  heapauxi.o(.text)
    .text                                    0x08000334   Section        0  _rserrno.o(.text)
    _fp_digits                               0x0800034b   Thumb Code   432  _printf_fp_dec.o(.text)
    .text                                    0x0800034a   Section        0  _printf_fp_dec.o(.text)
    _printf_input_char                       0x08000769   Thumb Code    10  _printf_char_common.o(.text)
    .text                                    0x08000768   Section        0  _printf_char_common.o(.text)
    .text                                    0x08000798   Section        0  _sputc.o(.text)
    _local_sscanf                            0x080007a5   Thumb Code    68  strtod.o(.text)
    .text                                    0x080007a4   Section        0  strtod.o(.text)
    .text                                    0x08000854   Section        8  rt_locale_intlibspace.o(.text)
    .text                                    0x0800085c   Section        8  rt_errno_addr_intlibspace.o(.text)
    .text                                    0x08000864   Section      138  lludiv10.o(.text)
    .text                                    0x080008ee   Section        0  isspace.o(.text)
    .text                                    0x08000900   Section        0  _printf_fp_infnan.o(.text)
    .text                                    0x08000980   Section        0  _sgetc.o(.text)
    .text                                    0x080009c0   Section        0  bigflt0.o(.text)
    .text                                    0x08000aa4   Section        8  libspace.o(.text)
    .text                                    0x08000aac   Section       74  sys_stackheap_outer.o(.text)
    .text                                    0x08000af8   Section       16  rt_ctype_table.o(.text)
    _fp_value                                0x08000b09   Thumb Code   588  scanf_fp.o(.text)
    .text                                    0x08000b08   Section        0  scanf_fp.o(.text)
    .text                                    0x08001000   Section        0  exit.o(.text)
    .text                                    0x08001014   Section      128  strcmpv7m.o(.text)
    .text                                    0x08001094   Section       38  llshl.o(.text)
    .text                                    0x080010bc   Section        0  scanf_hexfp.o(.text)
    .text                                    0x080013dc   Section        0  scanf_infnan.o(.text)
    .text                                    0x08001510   Section        0  sys_exit.o(.text)
    .text                                    0x0800151c   Section        0  _chval.o(.text)
    .text                                    0x08001538   Section        2  use_no_semi.o(.text)
    .text                                    0x0800153a   Section        0  indicate_semi.o(.text)
    [Anonymous Symbol]                       0x0800153c   Section        0  stm32f1xx_it.o(.text.BusFault_Handler)
    [Anonymous Symbol]                       0x08001540   Section        0  stm32f1xx_it.o(.text.DebugMon_Handler)
    [Anonymous Symbol]                       0x08001544   Section        0  main.o(.text.EXTI3_IRQHandler)
    [Anonymous Symbol]                       0x08001564   Section        0  main.o(.text.EXTI4_IRQHandler)
    [Anonymous Symbol]                       0x08001584   Section        0  stm32f1xx_hal_gpio.o(.text.HAL_GPIO_Init)
    [Anonymous Symbol]                       0x080017a0   Section        0  stm32f1xx_hal.o(.text.HAL_GetTick)
    [Anonymous Symbol]                       0x080017ac   Section        0  stm32f1xx_hal.o(.text.HAL_IncTick)
    [Anonymous Symbol]                       0x080017c8   Section        0  stm32f1xx_hal.o(.text.HAL_Init)
    [Anonymous Symbol]                       0x080017f0   Section        0  stm32f1xx_hal.o(.text.HAL_InitTick)
    [Anonymous Symbol]                       0x08001838   Section        0  stm32f1xx_hal_msp.o(.text.HAL_MspInit)
    [Anonymous Symbol]                       0x0800187c   Section        0  stm32f1xx_hal_cortex.o(.text.HAL_NVIC_SetPriority)
    [Anonymous Symbol]                       0x080018d4   Section        0  stm32f1xx_hal_cortex.o(.text.HAL_NVIC_SetPriorityGrouping)
    [Anonymous Symbol]                       0x080018f4   Section        0  stm32f1xx_hal_rcc.o(.text.HAL_RCC_ClockConfig)
    [Anonymous Symbol]                       0x08001ab4   Section        0  stm32f1xx_hal_rcc.o(.text.HAL_RCC_OscConfig)
    [Anonymous Symbol]                       0x08001e68   Section        0  stm32f1xx_hal_cortex.o(.text.HAL_SYSTICK_Config)
    [Anonymous Symbol]                       0x08001e94   Section        0  stm32f1xx_it.o(.text.HardFault_Handler)
    [Anonymous Symbol]                       0x08001e98   Section        0  stm32f1xx_it.o(.text.MemManage_Handler)
    [Anonymous Symbol]                       0x08001e9c   Section        0  stm32f1xx_it.o(.text.NMI_Handler)
    [Anonymous Symbol]                       0x08001ea0   Section        0  main.o(.text.PID)
    [Anonymous Symbol]                       0x08002078   Section        0  stm32f1xx_it.o(.text.PendSV_Handler)
    [Anonymous Symbol]                       0x0800207c   Section        0  stm32f1xx_it.o(.text.SVC_Handler)
    [Anonymous Symbol]                       0x08002080   Section        0  stm32f1xx_it.o(.text.SysTick_Handler)
    [Anonymous Symbol]                       0x08002084   Section        0  system_stm32f1xx.o(.text.SystemInit)
    [Anonymous Symbol]                       0x08002088   Section        0  main.o(.text.TIM2_IRQHandler)
    [Anonymous Symbol]                       0x080021a8   Section        0  main.o(.text.TIM4_IRQHandler)
    [Anonymous Symbol]                       0x08002240   Section        0  main.o(.text.USART1_IRQHandler)
    [Anonymous Symbol]                       0x080022a0   Section        0  stm32f1xx_it.o(.text.UsageFault_Handler)
    [Anonymous Symbol]                       0x080022a4   Section        0  main.o(.text.main)
    CL$$btod_d2e                             0x0800259e   Section       62  btod.o(CL$$btod_d2e)
    CL$$btod_d2e_denorm_low                  0x080025dc   Section       70  btod.o(CL$$btod_d2e_denorm_low)
    CL$$btod_d2e_norm_op1                    0x08002622   Section       96  btod.o(CL$$btod_d2e_norm_op1)
    CL$$btod_div_common                      0x08002684   Section      824  btod.o(CL$$btod_div_common)
    CL$$btod_e2d                             0x080029bc   Section      132  btod.o(CL$$btod_e2d)
    CL$$btod_e2e                             0x08002a40   Section      220  btod.o(CL$$btod_e2e)
    CL$$btod_ediv                            0x08002b1c   Section       42  btod.o(CL$$btod_ediv)
    CL$$btod_edivd                           0x08002b46   Section       42  btod.o(CL$$btod_edivd)
    CL$$btod_emul                            0x08002b70   Section       42  btod.o(CL$$btod_emul)
    CL$$btod_emuld                           0x08002b9a   Section       42  btod.o(CL$$btod_emuld)
    CL$$btod_mult_common                     0x08002bc4   Section      580  btod.o(CL$$btod_mult_common)
    i.__ARM_fpclassify                       0x08002e08   Section        0  fpclassify.o(i.__ARM_fpclassify)
    i.__mathlib_dbl_overflow                 0x08002e30   Section        0  dunder.o(i.__mathlib_dbl_overflow)
    i.__mathlib_dbl_underflow                0x08002e40   Section        0  dunder.o(i.__mathlib_dbl_underflow)
    i.__mathlib_narrow                       0x08002e50   Section        0  narrow.o(i.__mathlib_narrow)
    i.__mathlib_tofloat                      0x08002e60   Section        0  narrow.o(i.__mathlib_tofloat)
    i.__support_ldexp                        0x08002f1c   Section        0  ldexp.o(i.__support_ldexp)
    i._is_digit                              0x08002f32   Section        0  __printf_wp.o(i._is_digit)
    i.atof                                   0x08002f40   Section        0  atof.o(i.atof)
    i.frexp                                  0x08002f6c   Section        0  frexp.o(i.frexp)
    i.ldexp                                  0x08002fc4   Section        0  ldexp.o(i.ldexp)
    locale$$code                             0x08003038   Section       44  lc_numeric_c.o(locale$$code)
    locale$$code                             0x08003064   Section       44  lc_ctype_c.o(locale$$code)
    x$fpl$d2f                                0x08003090   Section       98  d2f.o(x$fpl$d2f)
    x$fpl$dadd                               0x080030f4   Section      336  daddsub_clz.o(x$fpl$dadd)
    _dadd1                                   0x08003105   Thumb Code     0  daddsub_clz.o(x$fpl$dadd)
    x$fpl$dcheck1                            0x08003244   Section       16  dcheck1.o(x$fpl$dcheck1)
    x$fpl$dcmpinf                            0x08003254   Section       24  dcmpi.o(x$fpl$dcmpinf)
    x$fpl$ddiv                               0x0800326c   Section      692  ddiv.o(x$fpl$ddiv)
    ddiv_entry                               0x08003273   Thumb Code     0  ddiv.o(x$fpl$ddiv)
    x$fpl$deqf                               0x08003520   Section      120  deqf.o(x$fpl$deqf)
    x$fpl$dfixu                              0x08003598   Section       90  dfixu.o(x$fpl$dfixu)
    x$fpl$dflt                               0x080035f2   Section       46  dflt_clz.o(x$fpl$dflt)
    x$fpl$dgeqf                              0x08003620   Section      120  dgeqf.o(x$fpl$dgeqf)
    x$fpl$dleqf                              0x08003698   Section      120  dleqf.o(x$fpl$dleqf)
    x$fpl$dmul                               0x08003710   Section      340  dmul.o(x$fpl$dmul)
    x$fpl$dnaninf                            0x08003864   Section      156  dnaninf.o(x$fpl$dnaninf)
    x$fpl$dretinf                            0x08003900   Section       12  dretinf.o(x$fpl$dretinf)
    x$fpl$drleqf                             0x0800390c   Section      108  drleqf.o(x$fpl$drleqf)
    x$fpl$dsub                               0x08003978   Section      476  daddsub_clz.o(x$fpl$dsub)
    _dsub1                                   0x08003989   Thumb Code     0  daddsub_clz.o(x$fpl$dsub)
    x$fpl$f2d                                0x08003b54   Section       86  f2d.o(x$fpl$f2d)
    x$fpl$fadd                               0x08003bac   Section      196  faddsub_clz.o(x$fpl$fadd)
    _fadd1                                   0x08003bbb   Thumb Code     0  faddsub_clz.o(x$fpl$fadd)
    x$fpl$fcmp                               0x08003c70   Section       84  dcmp.o(x$fpl$fcmp)
    x$fpl$fmul                               0x08003cc4   Section      258  fmul.o(x$fpl$fmul)
    x$fpl$fnaninf                            0x08003dc6   Section      140  fnaninf.o(x$fpl$fnaninf)
    x$fpl$fretinf                            0x08003e52   Section       10  fretinf.o(x$fpl$fretinf)
    x$fpl$fsub                               0x08003e5c   Section      234  faddsub_clz.o(x$fpl$fsub)
    _fsub1                                   0x08003e6b   Thumb Code     0  faddsub_clz.o(x$fpl$fsub)
    x$fpl$ieeestatus                         0x08003f46   Section        6  istatus.o(x$fpl$ieeestatus)
    x$fpl$printf1                            0x08003f4c   Section        4  printf1.o(x$fpl$printf1)
    x$fpl$retnan                             0x08003f50   Section      100  retnan.o(x$fpl$retnan)
    x$fpl$scalbn                             0x08003fb4   Section       92  scalbn.o(x$fpl$scalbn)
    x$fpl$scanf1                             0x08004010   Section        4  scanf1.o(x$fpl$scanf1)
    x$fpl$scanf2                             0x08004014   Section        8  scanf2.o(x$fpl$scanf2)
    x$fpl$trapveneer                         0x0800401c   Section       48  trapv.o(x$fpl$trapveneer)
    tenpwrs_x                                0x0800404c   Data          60  bigflt0.o(.constdata)
    .constdata                               0x0800404c   Section      148  bigflt0.o(.constdata)
    x$fpl$usenofp                            0x0800404c   Section        0  usenofp.o(x$fpl$usenofp)
    tenpwrs_i                                0x08004088   Data          64  bigflt0.o(.constdata)
    HAL_RCC_GetSysClockFreq.aPredivFactorTable 0x080040f0   Data           2  stm32f1xx_hal_rcc.o(.rodata.HAL_RCC_GetSysClockFreq.aPredivFactorTable)
    [Anonymous Symbol]                       0x080040f0   Section        0  stm32f1xx_hal_rcc.o(.rodata.HAL_RCC_GetSysClockFreq.aPredivFactorTable)
    HAL_RCC_GetSysClockFreq.aPLLMULFactorTable 0x080040f2   Data          16  stm32f1xx_hal_rcc.o(.rodata.cst16)
    [Anonymous Symbol]                       0x080040f2   Section        0  stm32f1xx_hal_rcc.o(.rodata.cst16)
    .L.str                                   0x08004102   Data           4  main.o(.rodata.str1.1)
    [Anonymous Symbol]                       0x08004102   Section        0  main.o(.rodata.str1.1)
    c$$dinf                                  0x08004128   Section        8  fpconst.o(c$$dinf)
    c$$dmax                                  0x08004130   Section        8  fpconst.o(c$$dmax)
    locale$$data                             0x08004138   Section       28  lc_numeric_c.o(locale$$data)
    __lcnum_c_name                           0x0800413c   Data           2  lc_numeric_c.o(locale$$data)
    __lcnum_c_start                          0x08004144   Data           0  lc_numeric_c.o(locale$$data)
    __lcnum_c_point                          0x08004150   Data           0  lc_numeric_c.o(locale$$data)
    __lcnum_c_thousands                      0x08004152   Data           0  lc_numeric_c.o(locale$$data)
    __lcnum_c_grouping                       0x08004153   Data           0  lc_numeric_c.o(locale$$data)
    __lcnum_c_end                            0x08004154   Data           0  lc_numeric_c.o(locale$$data)
    locale$$data                             0x08004154   Section      272  lc_ctype_c.o(locale$$data)
    __lcctype_c_name                         0x08004158   Data           2  lc_ctype_c.o(locale$$data)
    __lcctype_c_start                        0x08004160   Data           0  lc_ctype_c.o(locale$$data)
    __lcctype_c_end                          0x08004264   Data           0  lc_ctype_c.o(locale$$data)
    .L_MergedGlobals                         0x20000000   Data           8  main.o(.data..L_MergedGlobals)
    [Anonymous Symbol]                       0x20000000   Section        0  main.o(.data..L_MergedGlobals)
    .L_MergedGlobals                         0x20000008   Data           8  stm32f1xx_hal.o(.data..L_MergedGlobals)
    [Anonymous Symbol]                       0x20000008   Section        0  stm32f1xx_hal.o(.data..L_MergedGlobals)
    .bss                                     0x20000018   Section       96  libspace.o(.bss)
    .L_MergedGlobals.1                       0x20000078   Data         120  main.o(.bss..L_MergedGlobals.1)
    [Anonymous Symbol]                       0x20000078   Section        0  main.o(.bss..L_MergedGlobals.1)
    PID.Ui_pre                               0x200000a0   Data           8  main.o(.bss..L_MergedGlobals.1)
    PID.e_reset                              0x200000a8   Data           8  main.o(.bss..L_MergedGlobals.1)
    PID.Ud_f_pre                             0x200000b0   Data           8  main.o(.bss..L_MergedGlobals.1)
    .L_MergedGlobals.2                       0x200000f0   Data         116  main.o(.bss..L_MergedGlobals.2)
    [Anonymous Symbol]                       0x200000f0   Section        0  main.o(.bss..L_MergedGlobals.2)
    Heap_Mem                                 0x200001a0   Data         512  startup_stm32f103xb.o(HEAP)
    HEAP                                     0x200001a0   Section      512  startup_stm32f103xb.o(HEAP)
    Stack_Mem                                0x200003a0   Data        1024  startup_stm32f103xb.o(STACK)
    STACK                                    0x200003a0   Section     1024  startup_stm32f103xb.o(STACK)
    __initial_sp                             0x200007a0   Data           0  startup_stm32f103xb.o(STACK)

    Global Symbols

    Symbol Name                              Value     Ov Type        Size  Object(Section)

    BuildAttributes$$THM_ISAv4$P$D$K$B$S$PE$A:L22UL41UL21$X:L11$S22US41US21$IEEE1$IW$~IW$USESV6$~STKCKD$USESV7$~SHL$OTIME$ROPI$IEEEX$EBA8$UX$STANDARDLIB$REQ8$PRES8$EABIv2 0x00000000   Number         0  anon$$obj.o ABSOLUTE
    __fp_init_empty                          0x00000000   Number         0  fpinit_empty.o ABSOLUTE
    __ARM_exceptions_init                     - Undefined Weak Reference
    __alloca_initialize                       - Undefined Weak Reference
    __arm_preinit_                            - Undefined Weak Reference
    __arm_relocate_pie_                       - Undefined Weak Reference
    __cpp_initialize__aeabi_                  - Undefined Weak Reference
    __cxa_finalize                            - Undefined Weak Reference
    __sigvec_lookup                           - Undefined Weak Reference
    _atexit_init                              - Undefined Weak Reference
    _call_atexit_fns                          - Undefined Weak Reference
    _clock_init                               - Undefined Weak Reference
    _fp_trap_init                             - Undefined Weak Reference
    _fp_trap_shutdown                         - Undefined Weak Reference
    _get_lc_collate                           - Undefined Weak Reference
    _get_lc_monetary                          - Undefined Weak Reference
    _get_lc_time                              - Undefined Weak Reference
    _getenv_init                              - Undefined Weak Reference
    _handle_redirection                       - Undefined Weak Reference
    _init_alloc                               - Undefined Weak Reference
    _init_user_alloc                          - Undefined Weak Reference
    _initio                                   - Undefined Weak Reference
    _printf_post_padding                      - Undefined Weak Reference
    _printf_pre_padding                       - Undefined Weak Reference
    _rand_init                                - Undefined Weak Reference
    _signal_finish                            - Undefined Weak Reference
    _signal_init                              - Undefined Weak Reference
    _terminate_alloc                          - Undefined Weak Reference
    _terminate_user_alloc                     - Undefined Weak Reference
    _terminateio                              - Undefined Weak Reference
    __Vectors_Size                           0x000000ec   Number         0  startup_stm32f103xb.o ABSOLUTE
    __Vectors                                0x08000000   Data           4  startup_stm32f103xb.o(RESET)
    __Vectors_End                            0x080000ec   Data           0  startup_stm32f103xb.o(RESET)
    __main                                   0x080000ed   Thumb Code     8  __main.o(!!!main)
    __scatterload                            0x080000f5   Thumb Code     0  __scatter.o(!!!scatter)
    __scatterload_rt2                        0x080000f5   Thumb Code    44  __scatter.o(!!!scatter)
    __scatterload_rt2_thumb_only             0x080000f5   Thumb Code     0  __scatter.o(!!!scatter)
    __scatterload_null                       0x08000103   Thumb Code     0  __scatter.o(!!!scatter)
    __scatterload_copy                       0x08000129   Thumb Code    26  __scatter_copy.o(!!handler_copy)
    __scatterload_zeroinit                   0x08000145   Thumb Code    28  __scatter_zi.o(!!handler_zi)
    _printf_f                                0x08000161   Thumb Code     0  _printf_f.o(.ARM.Collect$$_printf_percent$$00000003)
    _printf_percent                          0x08000161   Thumb Code     0  _printf_percent.o(.ARM.Collect$$_printf_percent$$00000000)
    _printf_percent_end                      0x08000167   Thumb Code     0  _printf_percent_end.o(.ARM.Collect$$_printf_percent$$00000017)
    __rt_lib_init                            0x0800016b   Thumb Code     0  libinit.o(.ARM.Collect$$libinit$$00000000)
    __rt_lib_init_fp_1                       0x0800016d   Thumb Code     0  libinit2.o(.ARM.Collect$$libinit$$00000002)
    __rt_lib_init_heap_1                     0x0800016d   Thumb Code     0  libinit2.o(.ARM.Collect$$libinit$$0000000C)
    __rt_lib_init_lc_common                  0x0800016d   Thumb Code     0  libinit2.o(.ARM.Collect$$libinit$$00000011)
    __rt_lib_init_preinit_1                  0x0800016d   Thumb Code     0  libinit2.o(.ARM.Collect$$libinit$$00000006)
    __rt_lib_init_rand_1                     0x0800016d   Thumb Code     0  libinit2.o(.ARM.Collect$$libinit$$00000010)
    __rt_lib_init_relocate_pie_1             0x0800016d   Thumb Code     0  libinit2.o(.ARM.Collect$$libinit$$00000004)
    __rt_lib_init_user_alloc_1               0x0800016d   Thumb Code     0  libinit2.o(.ARM.Collect$$libinit$$0000000E)
    __rt_lib_init_lc_collate_1               0x08000173   Thumb Code     0  libinit2.o(.ARM.Collect$$libinit$$00000013)
    __rt_lib_init_lc_ctype_2                 0x08000173   Thumb Code     0  libinit2.o(.ARM.Collect$$libinit$$00000014)
    __rt_lib_init_lc_ctype_1                 0x0800017f   Thumb Code     0  libinit2.o(.ARM.Collect$$libinit$$00000015)
    __rt_lib_init_lc_monetary_1              0x0800017f   Thumb Code     0  libinit2.o(.ARM.Collect$$libinit$$00000017)
    __rt_lib_init_lc_numeric_2               0x0800017f   Thumb Code     0  libinit2.o(.ARM.Collect$$libinit$$00000018)
    __rt_lib_init_alloca_1                   0x08000189   Thumb Code     0  libinit2.o(.ARM.Collect$$libinit$$00000030)
    __rt_lib_init_argv_1                     0x08000189   Thumb Code     0  libinit2.o(.ARM.Collect$$libinit$$0000002E)
    __rt_lib_init_atexit_1                   0x08000189   Thumb Code     0  libinit2.o(.ARM.Collect$$libinit$$0000001D)
    __rt_lib_init_clock_1                    0x08000189   Thumb Code     0  libinit2.o(.ARM.Collect$$libinit$$00000023)
    __rt_lib_init_cpp_1                      0x08000189   Thumb Code     0  libinit2.o(.ARM.Collect$$libinit$$00000034)
    __rt_lib_init_exceptions_1               0x08000189   Thumb Code     0  libinit2.o(.ARM.Collect$$libinit$$00000032)
    __rt_lib_init_fp_trap_1                  0x08000189   Thumb Code     0  libinit2.o(.ARM.Collect$$libinit$$00000021)
    __rt_lib_init_getenv_1                   0x08000189   Thumb Code     0  libinit2.o(.ARM.Collect$$libinit$$00000025)
    __rt_lib_init_lc_numeric_1               0x08000189   Thumb Code     0  libinit2.o(.ARM.Collect$$libinit$$00000019)
    __rt_lib_init_lc_time_1                  0x08000189   Thumb Code     0  libinit2.o(.ARM.Collect$$libinit$$0000001B)
    __rt_lib_init_return                     0x08000189   Thumb Code     0  libinit2.o(.ARM.Collect$$libinit$$00000035)
    __rt_lib_init_signal_1                   0x08000189   Thumb Code     0  libinit2.o(.ARM.Collect$$libinit$$0000001F)
    __rt_lib_init_stdio_1                    0x08000189   Thumb Code     0  libinit2.o(.ARM.Collect$$libinit$$00000027)
    __rt_lib_shutdown                        0x0800018b   Thumb Code     0  libshutdown.o(.ARM.Collect$$libshutdown$$00000000)
    __rt_lib_shutdown_cpp_1                  0x0800018d   Thumb Code     0  libshutdown2.o(.ARM.Collect$$libshutdown$$00000002)
    __rt_lib_shutdown_fp_trap_1              0x0800018d   Thumb Code     0  libshutdown2.o(.ARM.Collect$$libshutdown$$00000007)
    __rt_lib_shutdown_heap_1                 0x0800018d   Thumb Code     0  libshutdown2.o(.ARM.Collect$$libshutdown$$0000000F)
    __rt_lib_shutdown_return                 0x0800018d   Thumb Code     0  libshutdown2.o(.ARM.Collect$$libshutdown$$00000010)
    __rt_lib_shutdown_signal_1               0x0800018d   Thumb Code     0  libshutdown2.o(.ARM.Collect$$libshutdown$$0000000A)
    __rt_lib_shutdown_stdio_1                0x0800018d   Thumb Code     0  libshutdown2.o(.ARM.Collect$$libshutdown$$00000004)
    __rt_lib_shutdown_user_alloc_1           0x0800018d   Thumb Code     0  libshutdown2.o(.ARM.Collect$$libshutdown$$0000000C)
    __rt_entry                               0x0800018f   Thumb Code     0  __rtentry.o(.ARM.Collect$$rtentry$$00000000)
    __rt_entry_presh_1                       0x0800018f   Thumb Code     0  __rtentry2.o(.ARM.Collect$$rtentry$$00000002)
    __rt_entry_sh                            0x0800018f   Thumb Code     0  __rtentry4.o(.ARM.Collect$$rtentry$$00000004)
    __rt_entry_li                            0x08000195   Thumb Code     0  __rtentry2.o(.ARM.Collect$$rtentry$$0000000A)
    __rt_entry_postsh_1                      0x08000195   Thumb Code     0  __rtentry2.o(.ARM.Collect$$rtentry$$00000009)
    __rt_entry_main                          0x08000199   Thumb Code     0  __rtentry2.o(.ARM.Collect$$rtentry$$0000000D)
    __rt_entry_postli_1                      0x08000199   Thumb Code     0  __rtentry2.o(.ARM.Collect$$rtentry$$0000000C)
    __rt_exit                                0x080001a1   Thumb Code     0  rtexit.o(.ARM.Collect$$rtexit$$00000000)
    __rt_exit_ls                             0x080001a3   Thumb Code     0  rtexit2.o(.ARM.Collect$$rtexit$$00000003)
    __rt_exit_prels_1                        0x080001a3   Thumb Code     0  rtexit2.o(.ARM.Collect$$rtexit$$00000002)
    __rt_exit_exit                           0x080001a7   Thumb Code     0  rtexit2.o(.ARM.Collect$$rtexit$$00000004)
    Reset_Handler                            0x080001ad   Thumb Code     8  startup_stm32f103xb.o(.text)
    ADC1_2_IRQHandler                        0x080001c7   Thumb Code     0  startup_stm32f103xb.o(.text)
    CAN1_RX1_IRQHandler                      0x080001c7   Thumb Code     0  startup_stm32f103xb.o(.text)
    CAN1_SCE_IRQHandler                      0x080001c7   Thumb Code     0  startup_stm32f103xb.o(.text)
    DMA1_Channel1_IRQHandler                 0x080001c7   Thumb Code     0  startup_stm32f103xb.o(.text)
    DMA1_Channel2_IRQHandler                 0x080001c7   Thumb Code     0  startup_stm32f103xb.o(.text)
    DMA1_Channel3_IRQHandler                 0x080001c7   Thumb Code     0  startup_stm32f103xb.o(.text)
    DMA1_Channel4_IRQHandler                 0x080001c7   Thumb Code     0  startup_stm32f103xb.o(.text)
    DMA1_Channel5_IRQHandler                 0x080001c7   Thumb Code     0  startup_stm32f103xb.o(.text)
    DMA1_Channel6_IRQHandler                 0x080001c7   Thumb Code     0  startup_stm32f103xb.o(.text)
    DMA1_Channel7_IRQHandler                 0x080001c7   Thumb Code     0  startup_stm32f103xb.o(.text)
    EXTI0_IRQHandler                         0x080001c7   Thumb Code     0  startup_stm32f103xb.o(.text)
    EXTI15_10_IRQHandler                     0x080001c7   Thumb Code     0  startup_stm32f103xb.o(.text)
    EXTI1_IRQHandler                         0x080001c7   Thumb Code     0  startup_stm32f103xb.o(.text)
    EXTI2_IRQHandler                         0x080001c7   Thumb Code     0  startup_stm32f103xb.o(.text)
    EXTI9_5_IRQHandler                       0x080001c7   Thumb Code     0  startup_stm32f103xb.o(.text)
    FLASH_IRQHandler                         0x080001c7   Thumb Code     0  startup_stm32f103xb.o(.text)
    I2C1_ER_IRQHandler                       0x080001c7   Thumb Code     0  startup_stm32f103xb.o(.text)
    I2C1_EV_IRQHandler                       0x080001c7   Thumb Code     0  startup_stm32f103xb.o(.text)
    I2C2_ER_IRQHandler                       0x080001c7   Thumb Code     0  startup_stm32f103xb.o(.text)
    I2C2_EV_IRQHandler                       0x080001c7   Thumb Code     0  startup_stm32f103xb.o(.text)
    PVD_IRQHandler                           0x080001c7   Thumb Code     0  startup_stm32f103xb.o(.text)
    RCC_IRQHandler                           0x080001c7   Thumb Code     0  startup_stm32f103xb.o(.text)
    RTC_Alarm_IRQHandler                     0x080001c7   Thumb Code     0  startup_stm32f103xb.o(.text)
    RTC_IRQHandler                           0x080001c7   Thumb Code     0  startup_stm32f103xb.o(.text)
    SPI1_IRQHandler                          0x080001c7   Thumb Code     0  startup_stm32f103xb.o(.text)
    SPI2_IRQHandler                          0x080001c7   Thumb Code     0  startup_stm32f103xb.o(.text)
    TAMPER_IRQHandler                        0x080001c7   Thumb Code     0  startup_stm32f103xb.o(.text)
    TIM1_BRK_IRQHandler                      0x080001c7   Thumb Code     0  startup_stm32f103xb.o(.text)
    TIM1_CC_IRQHandler                       0x080001c7   Thumb Code     0  startup_stm32f103xb.o(.text)
    TIM1_TRG_COM_IRQHandler                  0x080001c7   Thumb Code     0  startup_stm32f103xb.o(.text)
    TIM1_UP_IRQHandler                       0x080001c7   Thumb Code     0  startup_stm32f103xb.o(.text)
    TIM3_IRQHandler                          0x080001c7   Thumb Code     0  startup_stm32f103xb.o(.text)
    USART2_IRQHandler                        0x080001c7   Thumb Code     0  startup_stm32f103xb.o(.text)
    USART3_IRQHandler                        0x080001c7   Thumb Code     0  startup_stm32f103xb.o(.text)
    USBWakeUp_IRQHandler                     0x080001c7   Thumb Code     0  startup_stm32f103xb.o(.text)
    USB_HP_CAN1_TX_IRQHandler                0x080001c7   Thumb Code     0  startup_stm32f103xb.o(.text)
    USB_LP_CAN1_RX0_IRQHandler               0x080001c7   Thumb Code     0  startup_stm32f103xb.o(.text)
    WWDG_IRQHandler                          0x080001c7   Thumb Code     0  startup_stm32f103xb.o(.text)
    __user_initial_stackheap                 0x080001c9   Thumb Code     0  startup_stm32f103xb.o(.text)
    __2sprintf                               0x080001ed   Thumb Code    34  noretval__2sprintf.o(.text)
    __printf                                 0x08000215   Thumb Code   104  __printf.o(.text)
    __aeabi_memcpy4                          0x0800027d   Thumb Code     0  rt_memcpy_w.o(.text)
    __aeabi_memcpy8                          0x0800027d   Thumb Code     0  rt_memcpy_w.o(.text)
    __rt_memcpy_w                            0x0800027d   Thumb Code   100  rt_memcpy_w.o(.text)
    _memcpy_lastbytes_aligned                0x080002c5   Thumb Code     0  rt_memcpy_w.o(.text)
    __aeabi_memclr4                          0x080002e1   Thumb Code     0  rt_memclr_w.o(.text)
    __aeabi_memclr8                          0x080002e1   Thumb Code     0  rt_memclr_w.o(.text)
    __rt_memclr_w                            0x080002e1   Thumb Code     0  rt_memclr_w.o(.text)
    _memset_w                                0x080002e5   Thumb Code    74  rt_memclr_w.o(.text)
    __use_two_region_memory                  0x0800032f   Thumb Code     2  heapauxi.o(.text)
    __rt_heap_escrow$2region                 0x08000331   Thumb Code     2  heapauxi.o(.text)
    __rt_heap_expand$2region                 0x08000333   Thumb Code     2  heapauxi.o(.text)
    __read_errno                             0x08000335   Thumb Code    10  _rserrno.o(.text)
    __set_errno                              0x0800033f   Thumb Code    12  _rserrno.o(.text)
    _printf_fp_dec_real                      0x080004fb   Thumb Code   620  _printf_fp_dec.o(.text)
    _printf_char_common                      0x08000773   Thumb Code    32  _printf_char_common.o(.text)
    _sputc                                   0x08000799   Thumb Code    10  _sputc.o(.text)
    __strtod_int                             0x080007e9   Thumb Code    94  strtod.o(.text)
    __rt_locale                              0x08000855   Thumb Code     8  rt_locale_intlibspace.o(.text)
    __aeabi_errno_addr                       0x0800085d   Thumb Code     8  rt_errno_addr_intlibspace.o(.text)
    __errno$intlibspace                      0x0800085d   Thumb Code     0  rt_errno_addr_intlibspace.o(.text)
    __rt_errno_addr$intlibspace              0x0800085d   Thumb Code     0  rt_errno_addr_intlibspace.o(.text)
    _ll_udiv10                               0x08000865   Thumb Code   138  lludiv10.o(.text)
    isspace                                  0x080008ef   Thumb Code    18  isspace.o(.text)
    _printf_fp_infnan                        0x08000901   Thumb Code   112  _printf_fp_infnan.o(.text)
    _sgetc                                   0x08000981   Thumb Code    30  _sgetc.o(.text)
    _sbackspace                              0x0800099f   Thumb Code    34  _sgetc.o(.text)
    _btod_etento                             0x080009c1   Thumb Code   224  bigflt0.o(.text)
    __user_libspace                          0x08000aa5   Thumb Code     8  libspace.o(.text)
    __user_perproc_libspace                  0x08000aa5   Thumb Code     0  libspace.o(.text)
    __user_perthread_libspace                0x08000aa5   Thumb Code     0  libspace.o(.text)
    __user_setup_stackheap                   0x08000aad   Thumb Code    74  sys_stackheap_outer.o(.text)
    __rt_ctype_table                         0x08000af9   Thumb Code    16  rt_ctype_table.o(.text)
    _scanf_really_real                       0x08000d55   Thumb Code   684  scanf_fp.o(.text)
    exit                                     0x08001001   Thumb Code    18  exit.o(.text)
    strcmp                                   0x08001015   Thumb Code   128  strcmpv7m.o(.text)
    __aeabi_llsl                             0x08001095   Thumb Code     0  llshl.o(.text)
    _ll_shift_l                              0x08001095   Thumb Code    38  llshl.o(.text)
    _scanf_really_hex_real                   0x080010bd   Thumb Code   786  scanf_hexfp.o(.text)
    _scanf_really_infnan                     0x080013dd   Thumb Code   292  scanf_infnan.o(.text)
    _sys_exit                                0x08001511   Thumb Code     8  sys_exit.o(.text)
    _chval                                   0x0800151d   Thumb Code    28  _chval.o(.text)
    __I$use$semihosting                      0x08001539   Thumb Code     0  use_no_semi.o(.text)
    __use_no_semihosting_swi                 0x08001539   Thumb Code     2  use_no_semi.o(.text)
    __semihosting_library_function           0x0800153b   Thumb Code     0  indicate_semi.o(.text)
    BusFault_Handler                         0x0800153d   Thumb Code     2  stm32f1xx_it.o(.text.BusFault_Handler)
    DebugMon_Handler                         0x08001541   Thumb Code     2  stm32f1xx_it.o(.text.DebugMon_Handler)
    EXTI3_IRQHandler                         0x08001545   Thumb Code    32  main.o(.text.EXTI3_IRQHandler)
    EXTI4_IRQHandler                         0x08001565   Thumb Code    32  main.o(.text.EXTI4_IRQHandler)
    HAL_GPIO_Init                            0x08001585   Thumb Code   538  stm32f1xx_hal_gpio.o(.text.HAL_GPIO_Init)
    HAL_GetTick                              0x080017a1   Thumb Code    12  stm32f1xx_hal.o(.text.HAL_GetTick)
    HAL_IncTick                              0x080017ad   Thumb Code    26  stm32f1xx_hal.o(.text.HAL_IncTick)
    HAL_Init                                 0x080017c9   Thumb Code    38  stm32f1xx_hal.o(.text.HAL_Init)
    HAL_InitTick                             0x080017f1   Thumb Code    72  stm32f1xx_hal.o(.text.HAL_InitTick)
    HAL_MspInit                              0x08001839   Thumb Code    66  stm32f1xx_hal_msp.o(.text.HAL_MspInit)
    HAL_NVIC_SetPriority                     0x0800187d   Thumb Code    86  stm32f1xx_hal_cortex.o(.text.HAL_NVIC_SetPriority)
    HAL_NVIC_SetPriorityGrouping             0x080018d5   Thumb Code    32  stm32f1xx_hal_cortex.o(.text.HAL_NVIC_SetPriorityGrouping)
    HAL_RCC_ClockConfig                      0x080018f5   Thumb Code   446  stm32f1xx_hal_rcc.o(.text.HAL_RCC_ClockConfig)
    HAL_RCC_OscConfig                        0x08001ab5   Thumb Code   948  stm32f1xx_hal_rcc.o(.text.HAL_RCC_OscConfig)
    HAL_SYSTICK_Config                       0x08001e69   Thumb Code    44  stm32f1xx_hal_cortex.o(.text.HAL_SYSTICK_Config)
    HardFault_Handler                        0x08001e95   Thumb Code     2  stm32f1xx_it.o(.text.HardFault_Handler)
    MemManage_Handler                        0x08001e99   Thumb Code     2  stm32f1xx_it.o(.text.MemManage_Handler)
    NMI_Handler                              0x08001e9d   Thumb Code     2  stm32f1xx_it.o(.text.NMI_Handler)
    PID                                      0x08001ea1   Thumb Code   472  main.o(.text.PID)
    PendSV_Handler                           0x08002079   Thumb Code     2  stm32f1xx_it.o(.text.PendSV_Handler)
    SVC_Handler                              0x0800207d   Thumb Code     2  stm32f1xx_it.o(.text.SVC_Handler)
    SysTick_Handler                          0x08002081   Thumb Code     4  stm32f1xx_it.o(.text.SysTick_Handler)
    SystemInit                               0x08002085   Thumb Code     2  system_stm32f1xx.o(.text.SystemInit)
    TIM2_IRQHandler                          0x08002089   Thumb Code   286  main.o(.text.TIM2_IRQHandler)
    TIM4_IRQHandler                          0x080021a9   Thumb Code   152  main.o(.text.TIM4_IRQHandler)
    USART1_IRQHandler                        0x08002241   Thumb Code    96  main.o(.text.USART1_IRQHandler)
    UsageFault_Handler                       0x080022a1   Thumb Code     2  stm32f1xx_it.o(.text.UsageFault_Handler)
    main                                     0x080022a5   Thumb Code   762  main.o(.text.main)
    _btod_d2e                                0x0800259f   Thumb Code    62  btod.o(CL$$btod_d2e)
    _d2e_denorm_low                          0x080025dd   Thumb Code    70  btod.o(CL$$btod_d2e_denorm_low)
    _d2e_norm_op1                            0x08002623   Thumb Code    96  btod.o(CL$$btod_d2e_norm_op1)
    __btod_div_common                        0x08002685   Thumb Code   696  btod.o(CL$$btod_div_common)
    _e2d                                     0x080029bd   Thumb Code   122  btod.o(CL$$btod_e2d)
    _e2e                                     0x08002a41   Thumb Code   220  btod.o(CL$$btod_e2e)
    _btod_ediv                               0x08002b1d   Thumb Code    42  btod.o(CL$$btod_ediv)
    _btod_edivd                              0x08002b47   Thumb Code    42  btod.o(CL$$btod_edivd)
    _btod_emul                               0x08002b71   Thumb Code    42  btod.o(CL$$btod_emul)
    _btod_emuld                              0x08002b9b   Thumb Code    42  btod.o(CL$$btod_emuld)
    __btod_mult_common                       0x08002bc5   Thumb Code   580  btod.o(CL$$btod_mult_common)
    __ARM_fpclassify                         0x08002e09   Thumb Code    40  fpclassify.o(i.__ARM_fpclassify)
    __mathlib_dbl_overflow                   0x08002e31   Thumb Code    14  dunder.o(i.__mathlib_dbl_overflow)
    __mathlib_dbl_underflow                  0x08002e41   Thumb Code    10  dunder.o(i.__mathlib_dbl_underflow)
    __mathlib_narrow                         0x08002e51   Thumb Code    16  narrow.o(i.__mathlib_narrow)
    __mathlib_tofloat                        0x08002e61   Thumb Code   184  narrow.o(i.__mathlib_tofloat)
    __support_ldexp                          0x08002f1d   Thumb Code    22  ldexp.o(i.__support_ldexp)
    _is_digit                                0x08002f33   Thumb Code    14  __printf_wp.o(i._is_digit)
    atof                                     0x08002f41   Thumb Code    44  atof.o(i.atof)
    frexp                                    0x08002f6d   Thumb Code    80  frexp.o(i.frexp)
    ldexp                                    0x08002fc5   Thumb Code   116  ldexp.o(i.ldexp)
    _get_lc_numeric                          0x08003039   Thumb Code    44  lc_numeric_c.o(locale$$code)
    _get_lc_ctype                            0x08003065   Thumb Code    44  lc_ctype_c.o(locale$$code)
    __aeabi_d2f                              0x08003091   Thumb Code     0  d2f.o(x$fpl$d2f)
    _d2f                                     0x08003091   Thumb Code    98  d2f.o(x$fpl$d2f)
    __aeabi_dadd                             0x080030f5   Thumb Code     0  daddsub_clz.o(x$fpl$dadd)
    _dadd                                    0x080030f5   Thumb Code   332  daddsub_clz.o(x$fpl$dadd)
    __fpl_dcheck_NaN1                        0x08003245   Thumb Code    10  dcheck1.o(x$fpl$dcheck1)
    __fpl_dcmp_Inf                           0x08003255   Thumb Code    24  dcmpi.o(x$fpl$dcmpinf)
    __aeabi_ddiv                             0x0800326d   Thumb Code     0  ddiv.o(x$fpl$ddiv)
    _ddiv                                    0x0800326d   Thumb Code   556  ddiv.o(x$fpl$ddiv)
    __aeabi_cdcmpeq                          0x08003521   Thumb Code     0  deqf.o(x$fpl$deqf)
    _dcmpeq                                  0x08003521   Thumb Code   120  deqf.o(x$fpl$deqf)
    __aeabi_d2uiz                            0x08003599   Thumb Code     0  dfixu.o(x$fpl$dfixu)
    _dfixu                                   0x08003599   Thumb Code    90  dfixu.o(x$fpl$dfixu)
    __aeabi_i2d                              0x080035f3   Thumb Code     0  dflt_clz.o(x$fpl$dflt)
    _dflt                                    0x080035f3   Thumb Code    46  dflt_clz.o(x$fpl$dflt)
    __aeabi_cdcmpge                          0x08003621   Thumb Code     0  dgeqf.o(x$fpl$dgeqf)
    _dcmpge                                  0x08003621   Thumb Code   120  dgeqf.o(x$fpl$dgeqf)
    __aeabi_cdcmple                          0x08003699   Thumb Code     0  dleqf.o(x$fpl$dleqf)
    _dcmple                                  0x08003699   Thumb Code   120  dleqf.o(x$fpl$dleqf)
    __fpl_dcmple_InfNaN                      0x080036fb   Thumb Code     0  dleqf.o(x$fpl$dleqf)
    __aeabi_dmul                             0x08003711   Thumb Code     0  dmul.o(x$fpl$dmul)
    _dmul                                    0x08003711   Thumb Code   332  dmul.o(x$fpl$dmul)
    __fpl_dnaninf                            0x08003865   Thumb Code   156  dnaninf.o(x$fpl$dnaninf)
    __fpl_dretinf                            0x08003901   Thumb Code    12  dretinf.o(x$fpl$dretinf)
    __aeabi_cdrcmple                         0x0800390d   Thumb Code     0  drleqf.o(x$fpl$drleqf)
    _drcmple                                 0x0800390d   Thumb Code   108  drleqf.o(x$fpl$drleqf)
    __aeabi_dsub                             0x08003979   Thumb Code     0  daddsub_clz.o(x$fpl$dsub)
    _dsub                                    0x08003979   Thumb Code   472  daddsub_clz.o(x$fpl$dsub)
    __aeabi_f2d                              0x08003b55   Thumb Code     0  f2d.o(x$fpl$f2d)
    _f2d                                     0x08003b55   Thumb Code    86  f2d.o(x$fpl$f2d)
    __aeabi_fadd                             0x08003bad   Thumb Code     0  faddsub_clz.o(x$fpl$fadd)
    _fadd                                    0x08003bad   Thumb Code   196  faddsub_clz.o(x$fpl$fadd)
    __aeabi_dcmpeq                           0x08003c71   Thumb Code     0  dcmp.o(x$fpl$fcmp)
    _deq                                     0x08003c71   Thumb Code    14  dcmp.o(x$fpl$fcmp)
    _dneq                                    0x08003c7f   Thumb Code    14  dcmp.o(x$fpl$fcmp)
    __aeabi_dcmpgt                           0x08003c8d   Thumb Code     0  dcmp.o(x$fpl$fcmp)
    _dgr                                     0x08003c8d   Thumb Code    14  dcmp.o(x$fpl$fcmp)
    __aeabi_dcmpge                           0x08003c9b   Thumb Code     0  dcmp.o(x$fpl$fcmp)
    _dgeq                                    0x08003c9b   Thumb Code    14  dcmp.o(x$fpl$fcmp)
    __aeabi_dcmple                           0x08003ca9   Thumb Code     0  dcmp.o(x$fpl$fcmp)
    _dleq                                    0x08003ca9   Thumb Code    14  dcmp.o(x$fpl$fcmp)
    __aeabi_dcmplt                           0x08003cb7   Thumb Code     0  dcmp.o(x$fpl$fcmp)
    _dls                                     0x08003cb7   Thumb Code    14  dcmp.o(x$fpl$fcmp)
    __aeabi_fmul                             0x08003cc5   Thumb Code     0  fmul.o(x$fpl$fmul)
    _fmul                                    0x08003cc5   Thumb Code   258  fmul.o(x$fpl$fmul)
    __fpl_fnaninf                            0x08003dc7   Thumb Code   140  fnaninf.o(x$fpl$fnaninf)
    __fpl_fretinf                            0x08003e53   Thumb Code    10  fretinf.o(x$fpl$fretinf)
    __aeabi_fsub                             0x08003e5d   Thumb Code     0  faddsub_clz.o(x$fpl$fsub)
    _fsub                                    0x08003e5d   Thumb Code   234  faddsub_clz.o(x$fpl$fsub)
    __ieee_status                            0x08003f47   Thumb Code     6  istatus.o(x$fpl$ieeestatus)
    _printf_fp_dec                           0x08003f4d   Thumb Code     4  printf1.o(x$fpl$printf1)
    __fpl_return_NaN                         0x08003f51   Thumb Code   100  retnan.o(x$fpl$retnan)
    __ARM_scalbn                             0x08003fb5   Thumb Code    92  scalbn.o(x$fpl$scalbn)
    _scanf_real                              0x08004011   Thumb Code     4  scanf1.o(x$fpl$scanf1)
    _scanf_hex_real                          0x08004015   Thumb Code     4  scanf2.o(x$fpl$scanf2)
    _scanf_infnan                            0x08004019   Thumb Code     4  scanf2.o(x$fpl$scanf2)
    __fpl_cmpreturn                          0x0800401d   Thumb Code    48  trapv.o(x$fpl$trapveneer)
    __I$use$fp                               0x0800404c   Number         0  usenofp.o(x$fpl$usenofp)
    AHBPrescTable                            0x080040e0   Data          16  system_stm32f1xx.o(.rodata.AHBPrescTable)
    Region$$Table$$Base                      0x08004108   Number         0  anon$$obj.o(Region$$Table)
    Region$$Table$$Limit                     0x08004128   Number         0  anon$$obj.o(Region$$Table)
    __aeabi_HUGE_VAL                         0x08004128   Data           0  fpconst.o(c$$dinf)
    __aeabi_HUGE_VALL                        0x08004128   Data           0  fpconst.o(c$$dinf)
    __aeabi_INFINITY                         0x08004128   Data           0  fpconst.o(c$$dinf)
    __dInf                                   0x08004128   Data           0  fpconst.o(c$$dinf)
    __huge_val                               0x08004128   Data           0  fpconst.o(c$$dinf)
    __dbl_max                                0x08004130   Data           0  fpconst.o(c$$dmax)
    __ctype                                  0x08004161   Data           0  lc_ctype_c.o(locale$$data)
    Ts                                       0x20000000   Data           4  main.o(.data..L_MergedGlobals)
    alpha                                    0x20000004   Data           4  main.o(.data..L_MergedGlobals)
    uwTickFreq                               0x20000008   Data           1  stm32f1xx_hal.o(.data..L_MergedGlobals)
    uwTickPrio                               0x2000000c   Data           4  stm32f1xx_hal.o(.data..L_MergedGlobals)
    SystemCoreClock                          0x20000010   Data           4  system_stm32f1xx.o(.data.SystemCoreClock)
    __libspace_start                         0x20000018   Data          96  libspace.o(.bss)
    __temporary_stack_top$libspace           0x20000078   Data           0  libspace.o(.bss)
    count_data                               0x20000078   Data           1  main.o(.bss..L_MergedGlobals.1)
    tick_2                                   0x2000007c   Data           4  main.o(.bss..L_MergedGlobals.1)
    High_lim                                 0x20000080   Data           4  main.o(.bss..L_MergedGlobals.1)
    Low_lim                                  0x20000084   Data           4  main.o(.bss..L_MergedGlobals.1)
    CountValue                               0x20000088   Data           4  main.o(.bss..L_MergedGlobals.1)
    Cnttmp                                   0x2000008c   Data           4  main.o(.bss..L_MergedGlobals.1)
    tick_4                                   0x20000090   Data           4  main.o(.bss..L_MergedGlobals.1)
    pwm                                      0x20000098   Data           8  main.o(.bss..L_MergedGlobals.1)
    Kp                                       0x200000b8   Data           8  main.o(.bss..L_MergedGlobals.1)
    Ki                                       0x200000c0   Data           8  main.o(.bss..L_MergedGlobals.1)
    Kd                                       0x200000c8   Data           8  main.o(.bss..L_MergedGlobals.1)
    Kb                                       0x200000d0   Data           8  main.o(.bss..L_MergedGlobals.1)
    velocity                                 0x200000d8   Data           8  main.o(.bss..L_MergedGlobals.1)
    v_filt                                   0x200000e0   Data           8  main.o(.bss..L_MergedGlobals.1)
    velocity_pre                             0x200000e8   Data           8  main.o(.bss..L_MergedGlobals.1)
    real                                     0x200000f0   Data           8  main.o(.bss..L_MergedGlobals.2)
    setpoint                                 0x200000f8   Data           8  main.o(.bss..L_MergedGlobals.2)
    send                                     0x20000100   Data          50  main.o(.bss..L_MergedGlobals.2)
    str                                      0x20000132   Data          50  main.o(.bss..L_MergedGlobals.2)
    RX_data                                  0x20000164   Data          50  main.o(.bss.RX_data)
    uwTick                                   0x20000198   Data           4  stm32f1xx_hal.o(.bss.uwTick)



==============================================================================

Memory Map of the image

  Image Entry point : 0x080000ed

  Load Region LR_IROM1 (Base: 0x08000000, Size: 0x00004280, Max: 0x00010000, ABSOLUTE)

    Execution Region ER_IROM1 (Exec base: 0x08000000, Load base: 0x08000000, Size: 0x00004264, Max: 0x00010000, ABSOLUTE)

    Exec Addr    Load Addr    Size         Type   Attr      Idx    E Section Name        Object

    0x08000000   0x08000000   0x000000ec   Data   RO            3    RESET               startup_stm32f103xb.o
    0x080000ec   0x080000ec   0x00000008   Code   RO          483  * !!!main             c_w.l(__main.o)
    0x080000f4   0x080000f4   0x00000034   Code   RO          854    !!!scatter          c_w.l(__scatter.o)
    0x08000128   0x08000128   0x0000001a   Code   RO          856    !!handler_copy      c_w.l(__scatter_copy.o)
    0x08000142   0x08000142   0x00000002   PAD
    0x08000144   0x08000144   0x0000001c   Code   RO          858    !!handler_zi        c_w.l(__scatter_zi.o)
    0x08000160   0x08000160   0x00000000   Code   RO          476    .ARM.Collect$$_printf_percent$$00000000  c_w.l(_printf_percent.o)
    0x08000160   0x08000160   0x00000006   Code   RO          475    .ARM.Collect$$_printf_percent$$00000003  c_w.l(_printf_f.o)
    0x08000166   0x08000166   0x00000004   Code   RO          536    .ARM.Collect$$_printf_percent$$00000017  c_w.l(_printf_percent_end.o)
    0x0800016a   0x0800016a   0x00000002   Code   RO          649    .ARM.Collect$$libinit$$00000000  c_w.l(libinit.o)
    0x0800016c   0x0800016c   0x00000000   Code   RO          651    .ARM.Collect$$libinit$$00000002  c_w.l(libinit2.o)
    0x0800016c   0x0800016c   0x00000000   Code   RO          653    .ARM.Collect$$libinit$$00000004  c_w.l(libinit2.o)
    0x0800016c   0x0800016c   0x00000000   Code   RO          655    .ARM.Collect$$libinit$$00000006  c_w.l(libinit2.o)
    0x0800016c   0x0800016c   0x00000000   Code   RO          658    .ARM.Collect$$libinit$$0000000C  c_w.l(libinit2.o)
    0x0800016c   0x0800016c   0x00000000   Code   RO          660    .ARM.Collect$$libinit$$0000000E  c_w.l(libinit2.o)
    0x0800016c   0x0800016c   0x00000000   Code   RO          662    .ARM.Collect$$libinit$$00000010  c_w.l(libinit2.o)
    0x0800016c   0x0800016c   0x00000006   Code   RO          663    .ARM.Collect$$libinit$$00000011  c_w.l(libinit2.o)
    0x08000172   0x08000172   0x00000000   Code   RO          665    .ARM.Collect$$libinit$$00000013  c_w.l(libinit2.o)
    0x08000172   0x08000172   0x0000000c   Code   RO          666    .ARM.Collect$$libinit$$00000014  c_w.l(libinit2.o)
    0x0800017e   0x0800017e   0x00000000   Code   RO          667    .ARM.Collect$$libinit$$00000015  c_w.l(libinit2.o)
    0x0800017e   0x0800017e   0x00000000   Code   RO          669    .ARM.Collect$$libinit$$00000017  c_w.l(libinit2.o)
    0x0800017e   0x0800017e   0x0000000a   Code   RO          670    .ARM.Collect$$libinit$$00000018  c_w.l(libinit2.o)
    0x08000188   0x08000188   0x00000000   Code   RO          671    .ARM.Collect$$libinit$$00000019  c_w.l(libinit2.o)
    0x08000188   0x08000188   0x00000000   Code   RO          673    .ARM.Collect$$libinit$$0000001B  c_w.l(libinit2.o)
    0x08000188   0x08000188   0x00000000   Code   RO          675    .ARM.Collect$$libinit$$0000001D  c_w.l(libinit2.o)
    0x08000188   0x08000188   0x00000000   Code   RO          677    .ARM.Collect$$libinit$$0000001F  c_w.l(libinit2.o)
    0x08000188   0x08000188   0x00000000   Code   RO          679    .ARM.Collect$$libinit$$00000021  c_w.l(libinit2.o)
    0x08000188   0x08000188   0x00000000   Code   RO          681    .ARM.Collect$$libinit$$00000023  c_w.l(libinit2.o)
    0x08000188   0x08000188   0x00000000   Code   RO          683    .ARM.Collect$$libinit$$00000025  c_w.l(libinit2.o)
    0x08000188   0x08000188   0x00000000   Code   RO          685    .ARM.Collect$$libinit$$00000027  c_w.l(libinit2.o)
    0x08000188   0x08000188   0x00000000   Code   RO          689    .ARM.Collect$$libinit$$0000002E  c_w.l(libinit2.o)
    0x08000188   0x08000188   0x00000000   Code   RO          691    .ARM.Collect$$libinit$$00000030  c_w.l(libinit2.o)
    0x08000188   0x08000188   0x00000000   Code   RO          693    .ARM.Collect$$libinit$$00000032  c_w.l(libinit2.o)
    0x08000188   0x08000188   0x00000000   Code   RO          695    .ARM.Collect$$libinit$$00000034  c_w.l(libinit2.o)
    0x08000188   0x08000188   0x00000002   Code   RO          696    .ARM.Collect$$libinit$$00000035  c_w.l(libinit2.o)
    0x0800018a   0x0800018a   0x00000002   Code   RO          772    .ARM.Collect$$libshutdown$$00000000  c_w.l(libshutdown.o)
    0x0800018c   0x0800018c   0x00000000   Code   RO          791    .ARM.Collect$$libshutdown$$00000002  c_w.l(libshutdown2.o)
    0x0800018c   0x0800018c   0x00000000   Code   RO          793    .ARM.Collect$$libshutdown$$00000004  c_w.l(libshutdown2.o)
    0x0800018c   0x0800018c   0x00000000   Code   RO          796    .ARM.Collect$$libshutdown$$00000007  c_w.l(libshutdown2.o)
    0x0800018c   0x0800018c   0x00000000   Code   RO          799    .ARM.Collect$$libshutdown$$0000000A  c_w.l(libshutdown2.o)
    0x0800018c   0x0800018c   0x00000000   Code   RO          801    .ARM.Collect$$libshutdown$$0000000C  c_w.l(libshutdown2.o)
    0x0800018c   0x0800018c   0x00000000   Code   RO          804    .ARM.Collect$$libshutdown$$0000000F  c_w.l(libshutdown2.o)
    0x0800018c   0x0800018c   0x00000002   Code   RO          805    .ARM.Collect$$libshutdown$$00000010  c_w.l(libshutdown2.o)
    0x0800018e   0x0800018e   0x00000000   Code   RO          525    .ARM.Collect$$rtentry$$00000000  c_w.l(__rtentry.o)
    0x0800018e   0x0800018e   0x00000000   Code   RO          555    .ARM.Collect$$rtentry$$00000002  c_w.l(__rtentry2.o)
    0x0800018e   0x0800018e   0x00000006   Code   RO          567    .ARM.Collect$$rtentry$$00000004  c_w.l(__rtentry4.o)
    0x08000194   0x08000194   0x00000000   Code   RO          557    .ARM.Collect$$rtentry$$00000009  c_w.l(__rtentry2.o)
    0x08000194   0x08000194   0x00000004   Code   RO          558    .ARM.Collect$$rtentry$$0000000A  c_w.l(__rtentry2.o)
    0x08000198   0x08000198   0x00000000   Code   RO          560    .ARM.Collect$$rtentry$$0000000C  c_w.l(__rtentry2.o)
    0x08000198   0x08000198   0x00000008   Code   RO          561    .ARM.Collect$$rtentry$$0000000D  c_w.l(__rtentry2.o)
    0x080001a0   0x080001a0   0x00000002   Code   RO          697    .ARM.Collect$$rtexit$$00000000  c_w.l(rtexit.o)
    0x080001a2   0x080001a2   0x00000000   Code   RO          732    .ARM.Collect$$rtexit$$00000002  c_w.l(rtexit2.o)
    0x080001a2   0x080001a2   0x00000004   Code   RO          733    .ARM.Collect$$rtexit$$00000003  c_w.l(rtexit2.o)
    0x080001a6   0x080001a6   0x00000006   Code   RO          734    .ARM.Collect$$rtexit$$00000004  c_w.l(rtexit2.o)
    0x080001ac   0x080001ac   0x00000040   Code   RO            4    .text               startup_stm32f103xb.o
    0x080001ec   0x080001ec   0x00000028   Code   RO          451    .text               c_w.l(noretval__2sprintf.o)
    0x08000214   0x08000214   0x00000068   Code   RO          453    .text               c_w.l(__printf.o)
    0x0800027c   0x0800027c   0x00000064   Code   RO          477    .text               c_w.l(rt_memcpy_w.o)
    0x080002e0   0x080002e0   0x0000004e   Code   RO          479    .text               c_w.l(rt_memclr_w.o)
    0x0800032e   0x0800032e   0x00000006   Code   RO          481    .text               c_w.l(heapauxi.o)
    0x08000334   0x08000334   0x00000016   Code   RO          526    .text               c_w.l(_rserrno.o)
    0x0800034a   0x0800034a   0x0000041c   Code   RO          528    .text               c_w.l(_printf_fp_dec.o)
    0x08000766   0x08000766   0x00000002   PAD
    0x08000768   0x08000768   0x00000030   Code   RO          532    .text               c_w.l(_printf_char_common.o)
    0x08000798   0x08000798   0x0000000a   Code   RO          534    .text               c_w.l(_sputc.o)
    0x080007a2   0x080007a2   0x00000002   PAD
    0x080007a4   0x080007a4   0x000000b0   Code   RO          537    .text               c_w.l(strtod.o)
    0x08000854   0x08000854   0x00000008   Code   RO          572    .text               c_w.l(rt_locale_intlibspace.o)
    0x0800085c   0x0800085c   0x00000008   Code   RO          577    .text               c_w.l(rt_errno_addr_intlibspace.o)
    0x08000864   0x08000864   0x0000008a   Code   RO          579    .text               c_w.l(lludiv10.o)
    0x080008ee   0x080008ee   0x00000012   Code   RO          581    .text               c_w.l(isspace.o)
    0x08000900   0x08000900   0x00000080   Code   RO          583    .text               c_w.l(_printf_fp_infnan.o)
    0x08000980   0x08000980   0x00000040   Code   RO          587    .text               c_w.l(_sgetc.o)
    0x080009c0   0x080009c0   0x000000e4   Code   RO          589    .text               c_w.l(bigflt0.o)
    0x08000aa4   0x08000aa4   0x00000008   Code   RO          627    .text               c_w.l(libspace.o)
    0x08000aac   0x08000aac   0x0000004a   Code   RO          630    .text               c_w.l(sys_stackheap_outer.o)
    0x08000af6   0x08000af6   0x00000002   PAD
    0x08000af8   0x08000af8   0x00000010   Code   RO          632    .text               c_w.l(rt_ctype_table.o)
    0x08000b08   0x08000b08   0x000004f8   Code   RO          634    .text               c_w.l(scanf_fp.o)
    0x08001000   0x08001000   0x00000012   Code   RO          640    .text               c_w.l(exit.o)
    0x08001012   0x08001012   0x00000002   PAD
    0x08001014   0x08001014   0x00000080   Code   RO          642    .text               c_w.l(strcmpv7m.o)
    0x08001094   0x08001094   0x00000026   Code   RO          699    .text               c_w.l(llshl.o)
    0x080010ba   0x080010ba   0x00000002   PAD
    0x080010bc   0x080010bc   0x00000320   Code   RO          738    .text               c_w.l(scanf_hexfp.o)
    0x080013dc   0x080013dc   0x00000134   Code   RO          740    .text               c_w.l(scanf_infnan.o)
    0x08001510   0x08001510   0x0000000c   Code   RO          756    .text               c_w.l(sys_exit.o)
    0x0800151c   0x0800151c   0x0000001c   Code   RO          764    .text               c_w.l(_chval.o)
    0x08001538   0x08001538   0x00000002   Code   RO          781    .text               c_w.l(use_no_semi.o)
    0x0800153a   0x0800153a   0x00000000   Code   RO          783    .text               c_w.l(indicate_semi.o)
    0x0800153a   0x0800153a   0x00000002   PAD
    0x0800153c   0x0800153c   0x00000002   Code   RO           56    .text.BusFault_Handler  stm32f1xx_it.o
    0x0800153e   0x0800153e   0x00000002   PAD
    0x08001540   0x08001540   0x00000002   Code   RO           62    .text.DebugMon_Handler  stm32f1xx_it.o
    0x08001542   0x08001542   0x00000002   PAD
    0x08001544   0x08001544   0x00000020   Code   RO           27    .text.EXTI3_IRQHandler  main.o
    0x08001564   0x08001564   0x00000020   Code   RO           29    .text.EXTI4_IRQHandler  main.o
    0x08001584   0x08001584   0x0000021a   Code   RO          212    .text.HAL_GPIO_Init  stm32f1xx_hal_gpio.o
    0x0800179e   0x0800179e   0x00000002   PAD
    0x080017a0   0x080017a0   0x0000000c   Code   RO          112    .text.HAL_GetTick   stm32f1xx_hal.o
    0x080017ac   0x080017ac   0x0000001a   Code   RO          110    .text.HAL_IncTick   stm32f1xx_hal.o
    0x080017c6   0x080017c6   0x00000002   PAD
    0x080017c8   0x080017c8   0x00000026   Code   RO          100    .text.HAL_Init      stm32f1xx_hal.o
    0x080017ee   0x080017ee   0x00000002   PAD
    0x080017f0   0x080017f0   0x00000048   Code   RO          102    .text.HAL_InitTick  stm32f1xx_hal.o
    0x08001838   0x08001838   0x00000042   Code   RO           75    .text.HAL_MspInit   stm32f1xx_hal_msp.o
    0x0800187a   0x0800187a   0x00000002   PAD
    0x0800187c   0x0800187c   0x00000056   Code   RO          270    .text.HAL_NVIC_SetPriority  stm32f1xx_hal_cortex.o
    0x080018d2   0x080018d2   0x00000002   PAD
    0x080018d4   0x080018d4   0x00000020   Code   RO          268    .text.HAL_NVIC_SetPriorityGrouping  stm32f1xx_hal_cortex.o
    0x080018f4   0x080018f4   0x000001be   Code   RO          164    .text.HAL_RCC_ClockConfig  stm32f1xx_hal_rcc.o
    0x08001ab2   0x08001ab2   0x00000002   PAD
    0x08001ab4   0x08001ab4   0x000003b4   Code   RO          162    .text.HAL_RCC_OscConfig  stm32f1xx_hal_rcc.o
    0x08001e68   0x08001e68   0x0000002c   Code   RO          280    .text.HAL_SYSTICK_Config  stm32f1xx_hal_cortex.o
    0x08001e94   0x08001e94   0x00000002   Code   RO           52    .text.HardFault_Handler  stm32f1xx_it.o
    0x08001e96   0x08001e96   0x00000002   PAD
    0x08001e98   0x08001e98   0x00000002   Code   RO           54    .text.MemManage_Handler  stm32f1xx_it.o
    0x08001e9a   0x08001e9a   0x00000002   PAD
    0x08001e9c   0x08001e9c   0x00000002   Code   RO           50    .text.NMI_Handler   stm32f1xx_it.o
    0x08001e9e   0x08001e9e   0x00000002   PAD
    0x08001ea0   0x08001ea0   0x000001d8   Code   RO           11    .text.PID           main.o
    0x08002078   0x08002078   0x00000002   Code   RO           64    .text.PendSV_Handler  stm32f1xx_it.o
    0x0800207a   0x0800207a   0x00000002   PAD
    0x0800207c   0x0800207c   0x00000002   Code   RO           60    .text.SVC_Handler   stm32f1xx_it.o
    0x0800207e   0x0800207e   0x00000002   PAD
    0x08002080   0x08002080   0x00000004   Code   RO           66    .text.SysTick_Handler  stm32f1xx_it.o
    0x08002084   0x08002084   0x00000002   Code   RO          433    .text.SystemInit    system_stm32f1xx.o
    0x08002086   0x08002086   0x00000002   PAD
    0x08002088   0x08002088   0x0000011e   Code   RO           15    .text.TIM2_IRQHandler  main.o
    0x080021a6   0x080021a6   0x00000002   PAD
    0x080021a8   0x080021a8   0x00000098   Code   RO           17    .text.TIM4_IRQHandler  main.o
    0x08002240   0x08002240   0x00000060   Code   RO           21    .text.USART1_IRQHandler  main.o
    0x080022a0   0x080022a0   0x00000002   Code   RO           58    .text.UsageFault_Handler  stm32f1xx_it.o
    0x080022a2   0x080022a2   0x00000002   PAD
    0x080022a4   0x080022a4   0x000002fa   Code   RO           23    .text.main          main.o
    0x0800259e   0x0800259e   0x0000003e   Code   RO          592    CL$$btod_d2e        c_w.l(btod.o)
    0x080025dc   0x080025dc   0x00000046   Code   RO          594    CL$$btod_d2e_denorm_low  c_w.l(btod.o)
    0x08002622   0x08002622   0x00000060   Code   RO          593    CL$$btod_d2e_norm_op1  c_w.l(btod.o)
    0x08002682   0x08002682   0x00000002   PAD
    0x08002684   0x08002684   0x00000338   Code   RO          602    CL$$btod_div_common  c_w.l(btod.o)
    0x080029bc   0x080029bc   0x00000084   Code   RO          600    CL$$btod_e2d        c_w.l(btod.o)
    0x08002a40   0x08002a40   0x000000dc   Code   RO          599    CL$$btod_e2e        c_w.l(btod.o)
    0x08002b1c   0x08002b1c   0x0000002a   Code   RO          596    CL$$btod_ediv       c_w.l(btod.o)
    0x08002b46   0x08002b46   0x0000002a   Code   RO          598    CL$$btod_edivd      c_w.l(btod.o)
    0x08002b70   0x08002b70   0x0000002a   Code   RO          595    CL$$btod_emul       c_w.l(btod.o)
    0x08002b9a   0x08002b9a   0x0000002a   Code   RO          597    CL$$btod_emuld      c_w.l(btod.o)
    0x08002bc4   0x08002bc4   0x00000244   Code   RO          601    CL$$btod_mult_common  c_w.l(btod.o)
    0x08002e08   0x08002e08   0x00000028   Code   RO          625    i.__ARM_fpclassify  m_ws.l(fpclassify.o)
    0x08002e30   0x08002e30   0x0000000e   Code   RO          812    i.__mathlib_dbl_overflow  m_ws.l(dunder.o)
    0x08002e3e   0x08002e3e   0x00000002   PAD
    0x08002e40   0x08002e40   0x00000010   Code   RO          814    i.__mathlib_dbl_underflow  m_ws.l(dunder.o)
    0x08002e50   0x08002e50   0x00000010   Code   RO          725    i.__mathlib_narrow  m_ws.l(narrow.o)
    0x08002e60   0x08002e60   0x000000bc   Code   RO          726    i.__mathlib_tofloat  m_ws.l(narrow.o)
    0x08002f1c   0x08002f1c   0x00000016   Code   RO          776    i.__support_ldexp   m_ws.l(ldexp.o)
    0x08002f32   0x08002f32   0x0000000e   Code   RO          465    i._is_digit         c_w.l(__printf_wp.o)
    0x08002f40   0x08002f40   0x0000002c   Code   RO          522    i.atof              m_ws.l(atof.o)
    0x08002f6c   0x08002f6c   0x00000058   Code   RO          751    i.frexp             m_ws.l(frexp.o)
    0x08002fc4   0x08002fc4   0x00000074   Code   RO          777    i.ldexp             m_ws.l(ldexp.o)
    0x08003038   0x08003038   0x0000002c   Code   RO          617    locale$$code        c_w.l(lc_numeric_c.o)
    0x08003064   0x08003064   0x0000002c   Code   RO          707    locale$$code        c_w.l(lc_ctype_c.o)
    0x08003090   0x08003090   0x00000062   Code   RO          746    x$fpl$d2f           fz_ws.l(d2f.o)
    0x080030f2   0x080030f2   0x00000002   PAD
    0x080030f4   0x080030f4   0x00000150   Code   RO          485    x$fpl$dadd          fz_ws.l(daddsub_clz.o)
    0x08003244   0x08003244   0x00000010   Code   RO          806    x$fpl$dcheck1       fz_ws.l(dcheck1.o)
    0x08003254   0x08003254   0x00000018   Code   RO          619    x$fpl$dcmpinf       fz_ws.l(dcmpi.o)
    0x0800326c   0x0800326c   0x000002b4   Code   RO          494    x$fpl$ddiv          fz_ws.l(ddiv.o)
    0x08003520   0x08003520   0x00000078   Code   RO          539    x$fpl$deqf          fz_ws.l(deqf.o)
    0x08003598   0x08003598   0x0000005a   Code   RO          497    x$fpl$dfixu         fz_ws.l(dfixu.o)
    0x080035f2   0x080035f2   0x0000002e   Code   RO          502    x$fpl$dflt          fz_ws.l(dflt_clz.o)
    0x08003620   0x08003620   0x00000078   Code   RO          541    x$fpl$dgeqf         fz_ws.l(dgeqf.o)
    0x08003698   0x08003698   0x00000078   Code   RO          543    x$fpl$dleqf         fz_ws.l(dleqf.o)
    0x08003710   0x08003710   0x00000154   Code   RO          507    x$fpl$dmul          fz_ws.l(dmul.o)
    0x08003864   0x08003864   0x0000009c   Code   RO          545    x$fpl$dnaninf       fz_ws.l(dnaninf.o)
    0x08003900   0x08003900   0x0000000c   Code   RO          547    x$fpl$dretinf       fz_ws.l(dretinf.o)
    0x0800390c   0x0800390c   0x0000006c   Code   RO          748    x$fpl$drleqf        fz_ws.l(drleqf.o)
    0x08003978   0x08003978   0x000001dc   Code   RO          487    x$fpl$dsub          fz_ws.l(daddsub_clz.o)
    0x08003b54   0x08003b54   0x00000056   Code   RO          509    x$fpl$f2d           fz_ws.l(f2d.o)
    0x08003baa   0x08003baa   0x00000002   PAD
    0x08003bac   0x08003bac   0x000000c4   Code   RO          511    x$fpl$fadd          fz_ws.l(faddsub_clz.o)
    0x08003c70   0x08003c70   0x00000054   Code   RO          491    x$fpl$fcmp          fz_ws.l(dcmp.o)
    0x08003cc4   0x08003cc4   0x00000102   Code   RO          517    x$fpl$fmul          fz_ws.l(fmul.o)
    0x08003dc6   0x08003dc6   0x0000008c   Code   RO          549    x$fpl$fnaninf       fz_ws.l(fnaninf.o)
    0x08003e52   0x08003e52   0x0000000a   Code   RO          551    x$fpl$fretinf       fz_ws.l(fretinf.o)
    0x08003e5c   0x08003e5c   0x000000ea   Code   RO          513    x$fpl$fsub          fz_ws.l(faddsub_clz.o)
    0x08003f46   0x08003f46   0x00000006   Code   RO          621    x$fpl$ieeestatus    fz_ws.l(istatus.o)
    0x08003f4c   0x08003f4c   0x00000004   Code   RO          519    x$fpl$printf1       fz_ws.l(printf1.o)
    0x08003f50   0x08003f50   0x00000064   Code   RO          826    x$fpl$retnan        fz_ws.l(retnan.o)
    0x08003fb4   0x08003fb4   0x0000005c   Code   RO          773    x$fpl$scalbn        fz_ws.l(scalbn.o)
    0x08004010   0x08004010   0x00000004   Code   RO          623    x$fpl$scanf1        fz_ws.l(scanf1.o)
    0x08004014   0x08004014   0x00000008   Code   RO          719    x$fpl$scanf2        fz_ws.l(scanf2.o)
    0x0800401c   0x0800401c   0x00000030   Code   RO          834    x$fpl$trapveneer    fz_ws.l(trapv.o)
    0x0800404c   0x0800404c   0x00000000   Code   RO          553    x$fpl$usenofp       fz_ws.l(usenofp.o)
    0x0800404c   0x0800404c   0x00000094   Data   RO          590    .constdata          c_w.l(bigflt0.o)
    0x080040e0   0x080040e0   0x00000010   Data   RO          438    .rodata.AHBPrescTable  system_stm32f1xx.o
    0x080040f0   0x080040f0   0x00000002   Data   RO          189    .rodata.HAL_RCC_GetSysClockFreq.aPredivFactorTable  stm32f1xx_hal_rcc.o
    0x080040f2   0x080040f2   0x00000010   Data   RO          188    .rodata.cst16       stm32f1xx_hal_rcc.o
    0x08004102   0x08004102   0x00000004   Data   RO           35    .rodata.str1.1      main.o
    0x08004106   0x08004106   0x00000002   PAD
    0x08004108   0x08004108   0x00000020   Data   RO          853    Region$$Table       anon$$obj.o
    0x08004128   0x08004128   0x00000008   Data   RO          713    c$$dinf             fz_ws.l(fpconst.o)
    0x08004130   0x08004130   0x00000008   Data   RO          716    c$$dmax             fz_ws.l(fpconst.o)
    0x08004138   0x08004138   0x0000001c   Data   RO          616    locale$$data        c_w.l(lc_numeric_c.o)
    0x08004154   0x08004154   0x00000110   Data   RO          706    locale$$data        c_w.l(lc_ctype_c.o)


    Execution Region RW_IRAM1 (Exec base: 0x20000000, Load base: 0x08004268, Size: 0x000007a0, Max: 0x00005000, ABSOLUTE)

    Exec Addr    Load Addr    Size         Type   Attr      Idx    E Section Name        Object

    0x20000000   0x08004268   0x00000008   Data   RW           39    .data..L_MergedGlobals  main.o
    0x20000008   0x08004270   0x00000008   Data   RW          151    .data..L_MergedGlobals  stm32f1xx_hal.o
    0x20000010   0x08004278   0x00000004   Data   RW          437    .data.SystemCoreClock  system_stm32f1xx.o
    0x20000014   0x0800427c   0x00000004   PAD
    0x20000018        -       0x00000060   Zero   RW          628    .bss                c_w.l(libspace.o)
    0x20000078        -       0x00000078   Zero   RW           40    .bss..L_MergedGlobals.1  main.o
    0x200000f0        -       0x00000074   Zero   RW           41    .bss..L_MergedGlobals.2  main.o
    0x20000164        -       0x00000032   Zero   RW           36    .bss.RX_data        main.o
    0x20000196   0x0800427c   0x00000002   PAD
    0x20000198        -       0x00000004   Zero   RW          150    .bss.uwTick         stm32f1xx_hal.o
    0x2000019c   0x0800427c   0x00000004   PAD
    0x200001a0        -       0x00000200   Zero   RW            2    HEAP                startup_stm32f103xb.o
    0x200003a0        -       0x00000400   Zero   RW            1    STACK               startup_stm32f103xb.o


==============================================================================

Image component sizes


      Code (inc. data)   RO Data    RW Data    ZI Data      Debug   Object Name

      1832          0          4          8        286       8717   main.o
        64         26        236          0       1536        788   startup_stm32f103xb.o
       148          0          0          8          4       5745   stm32f1xx_hal.o
       162          0          0          0          0       8503   stm32f1xx_hal_cortex.o
       538         22          0          0          0       4573   stm32f1xx_hal_gpio.o
        66          0          0          0          0       1200   stm32f1xx_hal_msp.o
      1394          0         18          0          0       7675   stm32f1xx_hal_rcc.o
        20          0          0          0          0       1152   stm32f1xx_it.o
         2          0         16          4          0       1625   system_stm32f1xx.o

    ----------------------------------------------------------------------
      4258         48        308         20       1836      39978   Object Totals
         0          0         32          0          0          0   (incl. Generated)
        32          0          2          0         10          0   (incl. Padding)

    ----------------------------------------------------------------------

      Code (inc. data)   RO Data    RW Data    ZI Data      Debug   Library Member Name

         8          0          0          0          0         68   __main.o
       104          0          0          0          0         84   __printf.o
        14          0          0          0          0         68   __printf_wp.o
         0          0          0          0          0          0   __rtentry.o
        12          0          0          0          0          0   __rtentry2.o
         6          0          0          0          0          0   __rtentry4.o
        52          8          0          0          0          0   __scatter.o
        26          0          0          0          0          0   __scatter_copy.o
        28          0          0          0          0          0   __scatter_zi.o
        28          0          0          0          0         68   _chval.o
        48          6          0          0          0         96   _printf_char_common.o
         6          0          0          0          0          0   _printf_f.o
      1052          0          0          0          0        148   _printf_fp_dec.o
       128         16          0          0          0         84   _printf_fp_infnan.o
         0          0          0          0          0          0   _printf_percent.o
         4          0          0          0          0          0   _printf_percent_end.o
        22          0          0          0          0        100   _rserrno.o
        64          0          0          0          0         84   _sgetc.o
        10          0          0          0          0         68   _sputc.o
       228          4        148          0          0         96   bigflt0.o
      2152        136          0          0          0        956   btod.o
        18          0          0          0          0         80   exit.o
         6          0          0          0          0        152   heapauxi.o
         0          0          0          0          0          0   indicate_semi.o
        18          0          0          0          0         76   isspace.o
        44         10        272          0          0         76   lc_ctype_c.o
        44         10         28          0          0         76   lc_numeric_c.o
         2          0          0          0          0          0   libinit.o
        30          0          0          0          0          0   libinit2.o
         2          0          0          0          0          0   libshutdown.o
         2          0          0          0          0          0   libshutdown2.o
         8          4          0          0         96         68   libspace.o
        38          0          0          0          0         68   llshl.o
       138          0          0          0          0         80   lludiv10.o
        40          6          0          0          0         84   noretval__2sprintf.o
        16          4          0          0          0         76   rt_ctype_table.o
         8          4          0          0          0         68   rt_errno_addr_intlibspace.o
         8          4          0          0          0         68   rt_locale_intlibspace.o
        78          0          0          0          0         80   rt_memclr_w.o
       100          0          0          0          0         80   rt_memcpy_w.o
         2          0          0          0          0          0   rtexit.o
        10          0          0          0          0          0   rtexit2.o
      1272         16          0          0          0        168   scanf_fp.o
       800         14          0          0          0        100   scanf_hexfp.o
       308         16          0          0          0        100   scanf_infnan.o
       128          0          0          0          0         68   strcmpv7m.o
       176         14          0          0          0        124   strtod.o
        12          4          0          0          0         68   sys_exit.o
        74          0          0          0          0         80   sys_stackheap_outer.o
         2          0          0          0          0         68   use_no_semi.o
        98          4          0          0          0         92   d2f.o
       812         16          0          0          0        296   daddsub_clz.o
        16          4          0          0          0         68   dcheck1.o
        84          0          0          0          0        196   dcmp.o
        24          0          0          0          0         68   dcmpi.o
       692        140          0          0          0        216   ddiv.o
       120          4          0          0          0         92   deqf.o
        90          4          0          0          0         92   dfixu.o
        46          0          0          0          0         68   dflt_clz.o
       120          4          0          0          0         92   dgeqf.o
       120          4          0          0          0         92   dleqf.o
       340         12          0          0          0        104   dmul.o
       156          4          0          0          0         92   dnaninf.o
        12          0          0          0          0         68   dretinf.o
       108          0          0          0          0         80   drleqf.o
        86          4          0          0          0         84   f2d.o
       430          8          0          0          0        168   faddsub_clz.o
       258          4          0          0          0         84   fmul.o
       140          4          0          0          0         84   fnaninf.o
         0          0         16          0          0          0   fpconst.o
        10          0          0          0          0         68   fretinf.o
         6          0          0          0          0         68   istatus.o
         4          0          0          0          0         68   printf1.o
       100          0          0          0          0         68   retnan.o
        92          0          0          0          0         68   scalbn.o
         4          0          0          0          0         68   scanf1.o
         8          0          0          0          0         84   scanf2.o
        48          0          0          0          0         68   trapv.o
         0          0          0          0          0          0   usenofp.o
        44          0          0          0          0         84   atof.o
        30          6          0          0          0        136   dunder.o
        40          0          0          0          0         68   fpclassify.o
        88          8          0          0          0         76   frexp.o
       138          0          0          0          0        160   ldexp.o
       204          4          0          0          0        168   narrow.o

    ----------------------------------------------------------------------
     11966        510        464          0         96       7216   Library Totals
        22          0          0          0          0          0   (incl. Padding)

    ----------------------------------------------------------------------

      Code (inc. data)   RO Data    RW Data    ZI Data      Debug   Library Name

      7376        276        448          0         96       3828   c_w.l
      4024        216         16          0          0       2696   fz_ws.l
       544         18          0          0          0        692   m_ws.l

    ----------------------------------------------------------------------
     11966        510        464          0         96       7216   Library Totals

    ----------------------------------------------------------------------

==============================================================================


      Code (inc. data)   RO Data    RW Data    ZI Data      Debug   

     16224        558        772         20       1932      43046   Grand Totals
     16224        558        772         20       1932      43046   ELF Image Totals
     16224        558        772         20          0          0   ROM Totals

==============================================================================

    Total RO  Size (Code + RO Data)                16996 (  16.60kB)
    Total RW  Size (RW Data + ZI Data)              1952 (   1.91kB)
    Total ROM Size (Code + RO Data + RW Data)      17016 (  16.62kB)

==============================================================================

